Archive member included to satisfy reference by file (symbol)

c:/users/altium/appdata/local/at32-tools/gcc-arm-none-eabi/v10.3/bin/../lib/gcc/arm-none-eabi/10.3.1/../../../../arm-none-eabi/lib/thumb/v7e-m+fp/hard\libc_nano.a(lib_a-exit.o)
                              c:/users/altium/appdata/local/at32-tools/gcc-arm-none-eabi/v10.3/bin/../lib/gcc/arm-none-eabi/10.3.1/../../../../arm-none-eabi/lib/thumb/v7e-m+fp/hard/crt0.o (exit)
c:/users/altium/appdata/local/at32-tools/gcc-arm-none-eabi/v10.3/bin/../lib/gcc/arm-none-eabi/10.3.1/../../../../arm-none-eabi/lib/thumb/v7e-m+fp/hard\libc_nano.a(lib_a-impure.o)
                              c:/users/altium/appdata/local/at32-tools/gcc-arm-none-eabi/v10.3/bin/../lib/gcc/arm-none-eabi/10.3.1/../../../../arm-none-eabi/lib/thumb/v7e-m+fp/hard\libc_nano.a(lib_a-exit.o) (_global_impure_ptr)
c:/users/altium/appdata/local/at32-tools/gcc-arm-none-eabi/v10.3/bin/../lib/gcc/arm-none-eabi/10.3.1/../../../../arm-none-eabi/lib/thumb/v7e-m+fp/hard\libc_nano.a(lib_a-init.o)
                              c:/users/altium/appdata/local/at32-tools/gcc-arm-none-eabi/v10.3/bin/../lib/gcc/arm-none-eabi/10.3.1/../../../../arm-none-eabi/lib/thumb/v7e-m+fp/hard/crt0.o (__libc_init_array)
c:/users/altium/appdata/local/at32-tools/gcc-arm-none-eabi/v10.3/bin/../lib/gcc/arm-none-eabi/10.3.1/../../../../arm-none-eabi/lib/thumb/v7e-m+fp/hard\libc_nano.a(lib_a-memset.o)
                              c:/users/altium/appdata/local/at32-tools/gcc-arm-none-eabi/v10.3/bin/../lib/gcc/arm-none-eabi/10.3.1/../../../../arm-none-eabi/lib/thumb/v7e-m+fp/hard/crt0.o (memset)
c:/users/altium/appdata/local/at32-tools/gcc-arm-none-eabi/v10.3/bin/../lib/gcc/arm-none-eabi/10.3.1/../../../../arm-none-eabi/lib/thumb/v7e-m+fp/hard\libg_nano.a(lib_a-assert.o)
                              CMakeFiles/at32f403a_freemodbus_slave_master.dir/modbus/rtu/mbrtu_m.c.obj (__assert_func)
c:/users/altium/appdata/local/at32-tools/gcc-arm-none-eabi/v10.3/bin/../lib/gcc/arm-none-eabi/10.3.1/../../../../arm-none-eabi/lib/thumb/v7e-m+fp/hard\libg_nano.a(lib_a-errno.o)
                              CMakeFiles/at32f403a_freemodbus_slave_master.dir/project/src/syscalls.c.obj (__errno)
c:/users/altium/appdata/local/at32-tools/gcc-arm-none-eabi/v10.3/bin/../lib/gcc/arm-none-eabi/10.3.1/../../../../arm-none-eabi/lib/thumb/v7e-m+fp/hard\libg_nano.a(lib_a-fprintf.o)
                              c:/users/altium/appdata/local/at32-tools/gcc-arm-none-eabi/v10.3/bin/../lib/gcc/arm-none-eabi/10.3.1/../../../../arm-none-eabi/lib/thumb/v7e-m+fp/hard\libg_nano.a(lib_a-assert.o) (fiprintf)
c:/users/altium/appdata/local/at32-tools/gcc-arm-none-eabi/v10.3/bin/../lib/gcc/arm-none-eabi/10.3.1/../../../../arm-none-eabi/lib/thumb/v7e-m+fp/hard\libg_nano.a(lib_a-memcpy-stub.o)
                              CMakeFiles/at32f403a_freemodbus_slave_master.dir/modbus/functions/mbfuncother.c.obj (memcpy)
c:/users/altium/appdata/local/at32-tools/gcc-arm-none-eabi/v10.3/bin/../lib/gcc/arm-none-eabi/10.3.1/../../../../arm-none-eabi/lib/thumb/v7e-m+fp/hard\libg_nano.a(lib_a-nano-vfprintf.o)
                              c:/users/altium/appdata/local/at32-tools/gcc-arm-none-eabi/v10.3/bin/../lib/gcc/arm-none-eabi/10.3.1/../../../../arm-none-eabi/lib/thumb/v7e-m+fp/hard\libg_nano.a(lib_a-fprintf.o) (_vfprintf_r)
c:/users/altium/appdata/local/at32-tools/gcc-arm-none-eabi/v10.3/bin/../lib/gcc/arm-none-eabi/10.3.1/../../../../arm-none-eabi/lib/thumb/v7e-m+fp/hard\libg_nano.a(lib_a-nano-vfprintf_i.o)
                              c:/users/altium/appdata/local/at32-tools/gcc-arm-none-eabi/v10.3/bin/../lib/gcc/arm-none-eabi/10.3.1/../../../../arm-none-eabi/lib/thumb/v7e-m+fp/hard\libg_nano.a(lib_a-nano-vfprintf.o) (_printf_i)
c:/users/altium/appdata/local/at32-tools/gcc-arm-none-eabi/v10.3/bin/../lib/gcc/arm-none-eabi/10.3.1/../../../../arm-none-eabi/lib/thumb/v7e-m+fp/hard\libg_nano.a(lib_a-printf.o)
                              CMakeFiles/at32f403a_freemodbus_slave_master.dir/project/src/mbtask.c.obj (printf)
c:/users/altium/appdata/local/at32-tools/gcc-arm-none-eabi/v10.3/bin/../lib/gcc/arm-none-eabi/10.3.1/../../../../arm-none-eabi/lib/thumb/v7e-m+fp/hard\libg_nano.a(lib_a-puts.o)
                              CMakeFiles/at32f403a_freemodbus_slave_master.dir/project/src/main.c.obj (puts)
c:/users/altium/appdata/local/at32-tools/gcc-arm-none-eabi/v10.3/bin/../lib/gcc/arm-none-eabi/10.3.1/../../../../arm-none-eabi/lib/thumb/v7e-m+fp/hard\libg_nano.a(lib_a-setvbuf.o)
                              CMakeFiles/at32f403a_freemodbus_slave_master.dir/project/src/wk_usart.c.obj (setvbuf)
c:/users/altium/appdata/local/at32-tools/gcc-arm-none-eabi/v10.3/bin/../lib/gcc/arm-none-eabi/10.3.1/../../../../arm-none-eabi/lib/thumb/v7e-m+fp/hard\libg_nano.a(lib_a-wbuf.o)
[...]
Memory Configuration

Name             Origin             Length             Attributes
FLASH            0x08000000         0x00100000         xr
RAM              0x20000000         0x00018000         xrw
SPIM             0x08400000         0x01000000         xr
*default*        0x00000000         0xffffffff

Linker script and memory map

LOAD c:/users/altium/appdata/local/at32-tools/gcc-arm-none-eabi/v10.3/bin/../lib/gcc/arm-none-eabi/10.3.1/thumb/v7e-m+fp/hard/crti.o
LOAD c:/users/altium/appdata/local/at32-tools/gcc-arm-none-eabi/v10.3/bin/../lib/gcc/arm-none-eabi/10.3.1/thumb/v7e-m+fp/hard/crtbegin.o
LOAD c:/users/altium/appdata/local/at32-tools/gcc-arm-none-eabi/v10.3/bin/../lib/gcc/arm-none-eabi/10.3.1/../../../../arm-none-eabi/lib/thumb/v7e-m+fp/hard/crt0.o
START GROUP
LOAD c:/users/altium/appdata/local/at32-tools/gcc-arm-none-eabi/v10.3/bin/../lib/gcc/arm-none-eabi/10.3.1/../../../../arm-none-eabi/lib/thumb/v7e-m+fp/hard\libc_nano.a
LOAD c:/users/altium/appdata/local/at32-tools/gcc-arm-none-eabi/v10.3/bin/../lib/gcc/arm-none-eabi/10.3.1/../../../../arm-none-eabi/lib/thumb/v7e-m+fp/hard\libm.a
END GROUP
LOAD cmake/at32_workbench/CMakeFiles/AT32_Drivers.dir/__/__/libraries/cmsis/cm4/device_support/system_at32f403a_407.c.obj
LOAD cmake/at32_workbench/CMakeFiles/AT32_Drivers.dir/__/__/libraries/drivers/src/at32f403a_407_crm.c.obj
LOAD cmake/at32_workbench/CMakeFiles/AT32_Drivers.dir/__/__/libraries/drivers/src/at32f403a_407_tmr.c.obj
LOAD cmake/at32_workbench/CMakeFiles/AT32_Drivers.dir/__/__/libraries/drivers/src/at32f403a_407_gpio.c.obj
LOAD cmake/at32_workbench/CMakeFiles/AT32_Drivers.dir/__/__/libraries/drivers/src/at32f403a_407_usart.c.obj
LOAD cmake/at32_workbench/CMakeFiles/AT32_Drivers.dir/__/__/libraries/drivers/src/at32f403a_407_pwc.c.obj
LOAD cmake/at32_workbench/CMakeFiles/AT32_Drivers.dir/__/__/libraries/drivers/src/at32f403a_407_flash.c.obj
LOAD cmake/at32_workbench/CMakeFiles/AT32_Drivers.dir/__/__/libraries/drivers/src/at32f403a_407_misc.c.obj
LOAD cmake/at32_workbench/CMakeFiles/AT32_Drivers.dir/__/__/libraries/drivers/src/at32f403a_407_debug.c.obj
LOAD CMakeFiles/at32f403a_freemodbus_slave_master.dir/project/src/main.c.obj
LOAD CMakeFiles/at32f403a_freemodbus_slave_master.dir/project/src/syscalls.c.obj
LOAD CMakeFiles/at32f403a_freemodbus_slave_master.dir/project/src/sysmem.c.obj
LOAD CMakeFiles/at32f403a_freemodbus_slave_master.dir/project/src/at32f403a_407_wk_config.c.obj
LOAD CMakeFiles/at32f403a_freemodbus_slave_master.dir/project/src/at32f403a_407_int.c.obj
LOAD CMakeFiles/at32f403a_freemodbus_slave_master.dir/project/src/wk_system.c.obj
LOAD CMakeFiles/at32f403a_freemodbus_slave_master.dir/project/src/wk_debug.c.obj
LOAD CMakeFiles/at32f403a_freemodbus_slave_master.dir/project/src/wk_tmr.c.obj
LOAD CMakeFiles/at32f403a_freemodbus_slave_master.dir/project/src/wk_usart.c.obj
LOAD CMakeFiles/at32f403a_freemodbus_slave_master.dir/project/src/wk_gpio.c.obj
LOAD CMakeFiles/at32f403a_freemodbus_slave_master.dir/startup_at32f403a_407.s.obj
LOAD CMakeFiles/at32f403a_freemodbus_slave_master.dir/modbus/mb_m.c.obj
LOAD CMakeFiles/at32f403a_freemodbus_slave_master.dir/modbus/rtu/mbrtu_m.c.obj
LOAD CMakeFiles/at32f403a_freemodbus_slave_master.dir/modbus/functions/mbfunccoils_m.c.obj
LOAD CMakeFiles/at32f403a_freemodbus_slave_master.dir/modbus/functions/mbfuncdisc_m.c.obj
LOAD CMakeFiles/at32f403a_freemodbus_slave_master.dir/modbus/functions/mbfuncholding_m.c.obj
LOAD CMakeFiles/at32f403a_freemodbus_slave_master.dir/modbus/functions/mbfuncinput_m.c.obj
LOAD CMakeFiles/at32f403a_freemodbus_slave_master.dir/modbus_port/portserial_m.c.obj
LOAD CMakeFiles/at32f403a_freemodbus_slave_master.dir/modbus_port/porttimer_m.c.obj
LOAD CMakeFiles/at32f403a_freemodbus_slave_master.dir/modbus_port/portevent_m.c.obj
LOAD CMakeFiles/at32f403a_freemodbus_slave_master.dir/modbus_port/mt_port.c.obj
LOAD CMakeFiles/at32f403a_freemodbus_slave_master.dir/modbus/mb.c.obj
LOAD CMakeFiles/at32f403a_freemodbus_slave_master.dir/modbus/rtu/mbrtu.c.obj
LOAD CMakeFiles/at32f403a_freemodbus_slave_master.dir/modbus/rtu/mbcrc.c.obj
LOAD CMakeFiles/at32f403a_freemodbus_slave_master.dir/modbus/functions/mbfunccoils.c.obj
LOAD CMakeFiles/at32f403a_freemodbus_slave_master.dir/modbus/functions/mbfuncdisc.c.obj
LOAD CMakeFiles/at32f403a_freemodbus_slave_master.dir/modbus/functions/mbfuncholding.c.obj
LOAD CMakeFiles/at32f403a_freemodbus_slave_master.dir/modbus/functions/mbfuncinput.c.obj
LOAD CMakeFiles/at32f403a_freemodbus_slave_master.dir/modbus/functions/mbfuncother.c.obj
LOAD CMakeFiles/at32f403a_freemodbus_slave_master.dir/modbus/functions/mbutils.c.obj
LOAD CMakeFiles/at32f403a_freemodbus_slave_master.dir/modbus_port/portserial.c.obj
LOAD CMakeFiles/at32f403a_freemodbus_slave_master.dir/modbus_port/porttimer.c.obj
LOAD CMakeFiles/at32f403a_freemodbus_slave_master.dir/modbus_port/portevent.c.obj
LOAD CMakeFiles/at32f403a_freemodbus_slave_master.dir/project/src/mbtask.c.obj
START GROUP
LOAD c:/users/altium/appdata/local/at32-tools/gcc-arm-none-eabi/v10.3/bin/../lib/gcc/arm-none-eabi/10.3.1/thumb/v7e-m+fp/hard\libgcc.a
LOAD c:/users/altium/appdata/local/at32-tools/gcc-arm-none-eabi/v10.3/bin/../lib/gcc/arm-none-eabi/10.3.1/../../../../arm-none-eabi/lib/thumb/v7e-m+fp/hard\libg_nano.a
LOAD c:/users/altium/appdata/local/at32-tools/gcc-arm-none-eabi/v10.3/bin/../lib/gcc/arm-none-eabi/10.3.1/../../../../arm-none-eabi/lib/thumb/v7e-m+fp/hard\libc_nano.a
END GROUP
START GROUP
LOAD c:/users/altium/appdata/local/at32-tools/gcc-arm-none-eabi/v10.3/bin/../lib/gcc/arm-none-eabi/10.3.1/thumb/v7e-m+fp/hard\libgcc.a
LOAD c:/users/altium/appdata/local/at32-tools/gcc-arm-none-eabi/v10.3/bin/../lib/gcc/arm-none-eabi/10.3.1/../../../../arm-none-eabi/lib/thumb/v7e-m+fp/hard\libc_nano.a
END GROUP
LOAD c:/users/altium/appdata/local/at32-tools/gcc-arm-none-eabi/v10.3/bin/../lib/gcc/arm-none-eabi/10.3.1/thumb/v7e-m+fp/hard/crtend.o
LOAD c:/users/altium/appdata/local/at32-tools/gcc-arm-none-eabi/v10.3/bin/../lib/gcc/arm-none-eabi/10.3.1/thumb/v7e-m+fp/hard/crtn.o
                0x20018000                _estack = 0x20018000
                0x00000200                _Min_Heap_Size = 0x200
                0x00000400                _Min_Stack_Size = 0x400

.isr_vector     0x08000000      0x184
                0x08000000                . = ALIGN (0x4)
 *(.isr_vector)
 .isr_vector    0x08000000      0x184 CMakeFiles/at32f403a_freemodbus_slave_master.dir/startup_at32f403a_407.s.obj
                0x08000000                g_pfnVectors
                0x08000184                . = ALIGN (0x4)

.text           0x08000190     0x5aec
                0x08000190                . = ALIGN (0x4)
 *(.text)
 .text          0x08000190       0x40 c:/users/altium/appdata/local/at32-tools/gcc-arm-none-eabi/v10.3/bin/../lib/gcc/arm-none-eabi/10.3.1/thumb/v7e-m+fp/hard/crtbegin.o
 .text          0x080001d0       0xa0 c:/users/altium/appdata/local/at32-tools/gcc-arm-none-eabi/v10.3/bin/../lib/gcc/arm-none-eabi/10.3.1/../../../../arm-none-eabi/lib/thumb/v7e-m+fp/hard\libg_nano.a(lib_a-memchr.o)
                0x080001d0                memchr
 *(.text*)
 .text.__libc_init_array
                0x08000270       0x48 c:/users/altium/appdata/local/at32-tools/gcc-arm-none-eabi/v10.3/bin/../lib/gcc/arm-none-eabi/10.3.1/../../../../arm-none-eabi/lib/thumb/v7e-m+fp/hard\libc_nano.a(lib_a-init.o)
                0x08000270                __libc_init_array
 .text.memset   0x080002b8       0x10 c:/users/altium/appdata/local/at32-tools/gcc-arm-none-eabi/v10.3/bin/../lib/gcc/arm-none-eabi/10.3.1/../../../../arm-none-eabi/lib/thumb/v7e-m+fp/hard\libc_nano.a(lib_a-memset.o)
                0x080002b8                memset
 .text.SystemInit
                0x080002c8       0x88 cmake/at32_workbench/CMakeFiles/AT32_Drivers.dir/__/__/libraries/cmsis/cm4/device_support/system_at32f403a_407.c.obj
                0x080002c8                SystemInit
 .text.system_core_clock_update
                0x08000350      0x150 cmake/at32_workbench/CMakeFiles/AT32_Drivers.dir/__/__/libraries/cmsis/cm4/device_support/system_at32f403a_407.c.obj
                0x08000350                system_core_clock_update
 .text.crm_reset
                0x080004a0       0x6c cmake/at32_workbench/CMakeFiles/AT32_Drivers.dir/__/__/libraries/drivers/src/at32f403a_407_crm.c.obj
                0x080004a0                crm_reset
 .text.crm_flag_get
                0x0800050c       0x50 cmake/at32_workbench/CMakeFiles/AT32_Drivers.dir/__/__/libraries/drivers/src/at32f403a_407_crm.c.obj
                0x0800050c                crm_flag_get
 .text.crm_hext_stable_wait
                0x0800055c       0x4a cmake/at32_workbench/CMakeFiles/AT32_Drivers.dir/__/__/libraries/drivers/src/at32f403a_407_crm.c.obj
                0x0800055c                crm_hext_stable_wait
 .text.crm_periph_clock_enable
                0x080005a6       0x7c cmake/at32_workbench/CMakeFiles/AT32_Drivers.dir/__/__/libraries/drivers/src/at32f403a_407_crm.c.obj
                0x080005a6                crm_periph_clock_enable
 *fill*         0x08000622        0x2 
 .text.crm_clock_source_enable
                0x08000624       0xa8 cmake/at32_workbench/CMakeFiles/AT32_Drivers.dir/__/__/libraries/drivers/src/at32f403a_407_crm.c.obj
                0x08000624                crm_clock_source_enable
 .text.crm_ahb_div_set
                0x080006cc       0x2c cmake/at32_workbench/CMakeFiles/AT32_Drivers.dir/__/__/libraries/drivers/src/at32f403a_407_crm.c.obj
                0x080006cc                crm_ahb_div_set
 .text.crm_apb1_div_set
                0x080006f8       0x2c cmake/at32_workbench/CMakeFiles/AT32_Drivers.dir/__/__/libraries/drivers/src/at32f403a_407_crm.c.obj
                0x080006f8                crm_apb1_div_set
 .text.crm_apb2_div_set
                0x08000724       0x2c cmake/at32_workbench/CMakeFiles/AT32_Drivers.dir/__/__/libraries/drivers/src/at32f403a_407_crm.c.obj
                0x08000724                crm_apb2_div_set
 .text.crm_pll_config
                0x08000750       0x9c cmake/at32_workbench/CMakeFiles/AT32_Drivers.dir/__/__/libraries/drivers/src/at32f403a_407_crm.c.obj
                0x08000750                crm_pll_config
 .text.crm_sysclk_switch
                0x080007ec       0x54 cmake/at32_workbench/CMakeFiles/AT32_Drivers.dir/__/__/libraries/drivers/src/at32f403a_407_crm.c.obj
                0x080007ec                crm_sysclk_switch
 .text.crm_sysclk_switch_status_get
                0x08000840       0x1c cmake/at32_workbench/CMakeFiles/AT32_Drivers.dir/__/__/libraries/drivers/src/at32f403a_407_crm.c.obj
                0x08000840                crm_sysclk_switch_status_get
 .text.crm_clocks_freq_get
                0x0800085c      0x1d4 cmake/at32_workbench/CMakeFiles/AT32_Drivers.dir/__/__/libraries/drivers/src/at32f403a_407_crm.c.obj
                0x0800085c                crm_clocks_freq_get
 .text.crm_auto_step_mode_enable
                0x08000a30       0x38 cmake/at32_workbench/CMakeFiles/AT32_Drivers.dir/__/__/libraries/drivers/src/at32f403a_407_crm.c.obj
                0x08000a30                crm_auto_step_mode_enable
 .text.tmr_counter_enable
                0x08000a68       0x2a cmake/at32_workbench/CMakeFiles/AT32_Drivers.dir/__/__/libraries/drivers/src/at32f403a_407_tmr.c.obj
                0x08000a68                tmr_counter_enable
 .text.tmr_base_init
                0x08000a92       0x2e cmake/at32_workbench/CMakeFiles/AT32_Drivers.dir/__/__/libraries/drivers/src/at32f403a_407_tmr.c.obj
                0x08000a92                tmr_base_init
 .text.tmr_clock_source_div_set
                0x08000ac0       0x2a cmake/at32_workbench/CMakeFiles/AT32_Drivers.dir/__/__/libraries/drivers/src/at32f403a_407_tmr.c.obj
                0x08000ac0                tmr_clock_source_div_set
 .text.tmr_cnt_dir_set
                0x08000aea       0x2a cmake/at32_workbench/CMakeFiles/AT32_Drivers.dir/__/__/libraries/drivers/src/at32f403a_407_tmr.c.obj
                0x08000aea                tmr_cnt_dir_set
 .text.tmr_counter_value_set
                0x08000b14       0x1c cmake/at32_workbench/CMakeFiles/AT32_Drivers.dir/__/__/libraries/drivers/src/at32f403a_407_tmr.c.obj
                0x08000b14                tmr_counter_value_set
 .text.tmr_period_buffer_enable
                0x08000b30       0x2a cmake/at32_workbench/CMakeFiles/AT32_Drivers.dir/__/__/libraries/drivers/src/at32f403a_407_tmr.c.obj
                0x08000b30                tmr_period_buffer_enable
 .text.tmr_primary_mode_select
                0x08000b5a       0x2a cmake/at32_workbench/CMakeFiles/AT32_Drivers.dir/__/__/libraries/drivers/src/at32f403a_407_tmr.c.obj
                0x08000b5a                tmr_primary_mode_select
 .text.tmr_sub_sync_mode_set
                0x08000b84       0x2a cmake/at32_workbench/CMakeFiles/AT32_Drivers.dir/__/__/libraries/drivers/src/at32f403a_407_tmr.c.obj
                0x08000b84                tmr_sub_sync_mode_set
 .text.tmr_interrupt_enable
                0x08000bae       0x42 cmake/at32_workbench/CMakeFiles/AT32_Drivers.dir/__/__/libraries/drivers/src/at32f403a_407_tmr.c.obj
                0x08000bae                tmr_interrupt_enable
 .text.tmr_flag_get
                0x08000bf0       0x32 cmake/at32_workbench/CMakeFiles/AT32_Drivers.dir/__/__/libraries/drivers/src/at32f403a_407_tmr.c.obj
                0x08000bf0                tmr_flag_get
 .text.tmr_flag_clear
                0x08000c22       0x1e cmake/at32_workbench/CMakeFiles/AT32_Drivers.dir/__/__/libraries/drivers/src/at32f403a_407_tmr.c.obj
                0x08000c22                tmr_flag_clear
 .text.gpio_init
                0x08000c40      0x138 cmake/at32_workbench/CMakeFiles/AT32_Drivers.dir/__/__/libraries/drivers/src/at32f403a_407_gpio.c.obj
                0x08000c40                gpio_init
 .text.gpio_default_para_init
                0x08000d78       0x34 cmake/at32_workbench/CMakeFiles/AT32_Drivers.dir/__/__/libraries/drivers/src/at32f403a_407_gpio.c.obj
                0x08000d78                gpio_default_para_init
 .text.gpio_bits_set
                0x08000dac       0x1e cmake/at32_workbench/CMakeFiles/AT32_Drivers.dir/__/__/libraries/drivers/src/at32f403a_407_gpio.c.obj
                0x08000dac                gpio_bits_set
 .text.gpio_bits_reset
                0x08000dca       0x1e cmake/at32_workbench/CMakeFiles/AT32_Drivers.dir/__/__/libraries/drivers/src/at32f403a_407_gpio.c.obj
                0x08000dca                gpio_bits_reset
 .text.gpio_pin_remap_config
                0x08000de8       0x98 cmake/at32_workbench/CMakeFiles/AT32_Drivers.dir/__/__/libraries/drivers/src/at32f403a_407_gpio.c.obj
                0x08000de8                gpio_pin_remap_config
 .text.usart_init
                0x08000e80       0xe0 cmake/at32_workbench/CMakeFiles/AT32_Drivers.dir/__/__/libraries/drivers/src/at32f403a_407_usart.c.obj
                0x08000e80                usart_init
 .text.usart_parity_selection_config
                0x08000f60       0x6a cmake/at32_workbench/CMakeFiles/AT32_Drivers.dir/__/__/libraries/drivers/src/at32f403a_407_usart.c.obj
                0x08000f60                usart_parity_selection_config
 .text.usart_enable
                0x08000fca       0x2a cmake/at32_workbench/CMakeFiles/AT32_Drivers.dir/__/__/libraries/drivers/src/at32f403a_407_usart.c.obj
                0x08000fca                usart_enable
 .text.usart_transmitter_enable
                0x08000ff4       0x2a cmake/at32_workbench/CMakeFiles/AT32_Drivers.dir/__/__/libraries/drivers/src/at32f403a_407_usart.c.obj
                0x08000ff4                usart_transmitter_enable
 .text.usart_receiver_enable
                0x0800101e       0x2a cmake/at32_workbench/CMakeFiles/AT32_Drivers.dir/__/__/libraries/drivers/src/at32f403a_407_usart.c.obj
                0x0800101e                usart_receiver_enable
 .text.usart_interrupt_enable
                0x08001048       0x68 cmake/at32_workbench/CMakeFiles/AT32_Drivers.dir/__/__/libraries/drivers/src/at32f403a_407_usart.c.obj
                0x08001048                usart_interrupt_enable
 .text.usart_data_transmit
                0x080010b0       0x22 cmake/at32_workbench/CMakeFiles/AT32_Drivers.dir/__/__/libraries/drivers/src/at32f403a_407_usart.c.obj
                0x080010b0                usart_data_transmit
 .text.usart_data_receive
                0x080010d2       0x1a cmake/at32_workbench/CMakeFiles/AT32_Drivers.dir/__/__/libraries/drivers/src/at32f403a_407_usart.c.obj
                0x080010d2                usart_data_receive
 .text.usart_hardware_flow_control_set
                0x080010ec       0x86 cmake/at32_workbench/CMakeFiles/AT32_Drivers.dir/__/__/libraries/drivers/src/at32f403a_407_usart.c.obj
                0x080010ec                usart_hardware_flow_control_set
 .text.usart_flag_get
                0x08001172       0x28 cmake/at32_workbench/CMakeFiles/AT32_Drivers.dir/__/__/libraries/drivers/src/at32f403a_407_usart.c.obj
                0x08001172                usart_flag_get
 *fill*         0x0800119a        0x2 
 .text.__NVIC_SetPriorityGrouping
                0x0800119c       0x48 cmake/at32_workbench/CMakeFiles/AT32_Drivers.dir/__/__/libraries/drivers/src/at32f403a_407_misc.c.obj
 .text.__NVIC_GetPriorityGrouping
                0x080011e4       0x1c cmake/at32_workbench/CMakeFiles/AT32_Drivers.dir/__/__/libraries/drivers/src/at32f403a_407_misc.c.obj
 .text.__NVIC_EnableIRQ
                0x08001200       0x3c cmake/at32_workbench/CMakeFiles/AT32_Drivers.dir/__/__/libraries/drivers/src/at32f403a_407_misc.c.obj
 .text.__NVIC_SetPriority
                0x0800123c       0x54 cmake/at32_workbench/CMakeFiles/AT32_Drivers.dir/__/__/libraries/drivers/src/at32f403a_407_misc.c.obj
 .text.NVIC_EncodePriority
                0x08001290       0x66 cmake/at32_workbench/CMakeFiles/AT32_Drivers.dir/__/__/libraries/drivers/src/at32f403a_407_misc.c.obj
 .text.nvic_irq_enable
                0x080012f6       0x42 cmake/at32_workbench/CMakeFiles/AT32_Drivers.dir/__/__/libraries/drivers/src/at32f403a_407_misc.c.obj
                0x080012f6                nvic_irq_enable
 .text.nvic_priority_group_config
                0x08001338       0x1a cmake/at32_workbench/CMakeFiles/AT32_Drivers.dir/__/__/libraries/drivers/src/at32f403a_407_misc.c.obj
                0x08001338                nvic_priority_group_config
 *fill*         0x08001352        0x2 
 .text.systick_clock_source_config
                0x08001354       0x3c cmake/at32_workbench/CMakeFiles/AT32_Drivers.dir/__/__/libraries/drivers/src/at32f403a_407_misc.c.obj
                0x08001354                systick_clock_source_config
 .text.main     0x08001390       0xac CMakeFiles/at32f403a_freemodbus_slave_master.dir/project/src/main.c.obj
                0x08001390                main
 .text.eMBMasterRegInputCB
                0x0800143c       0x22 CMakeFiles/at32f403a_freemodbus_slave_master.dir/project/src/main.c.obj
                0x0800143c                eMBMasterRegInputCB
 .text.eMBMasterRegHoldingCB
                0x0800145e       0x2c CMakeFiles/at32f403a_freemodbus_slave_master.dir/project/src/main.c.obj
                0x0800145e                eMBMasterRegHoldingCB
 .text.eMBMasterRegCoilsCB
                0x0800148a       0x2c CMakeFiles/at32f403a_freemodbus_slave_master.dir/project/src/main.c.obj
                0x0800148a                eMBMasterRegCoilsCB
 .text.eMBMasterRegDiscreteCB
                0x080014b6       0x22 CMakeFiles/at32f403a_freemodbus_slave_master.dir/project/src/main.c.obj
                0x080014b6                eMBMasterRegDiscreteCB
 .text._getpid  0x080014d8       0x10 CMakeFiles/at32f403a_freemodbus_slave_master.dir/project/src/syscalls.c.obj
                0x080014d8                _getpid
 .text._kill    0x080014e8       0x20 CMakeFiles/at32f403a_freemodbus_slave_master.dir/project/src/syscalls.c.obj
                0x080014e8                _kill
 .text._exit    0x08001508       0x14 CMakeFiles/at32f403a_freemodbus_slave_master.dir/project/src/syscalls.c.obj
                0x08001508                _exit
 .text._read    0x0800151c       0x3a CMakeFiles/at32f403a_freemodbus_slave_master.dir/project/src/syscalls.c.obj
                0x0800151c                _read
 .text._close   0x08001556       0x18 CMakeFiles/at32f403a_freemodbus_slave_master.dir/project/src/syscalls.c.obj
                0x08001556                _close
 .text._fstat   0x0800156e       0x20 CMakeFiles/at32f403a_freemodbus_slave_master.dir/project/src/syscalls.c.obj
                0x0800156e                _fstat
 .text._isatty  0x0800158e       0x16 CMakeFiles/at32f403a_freemodbus_slave_master.dir/project/src/syscalls.c.obj
                0x0800158e                _isatty
 .text._lseek   0x080015a4       0x1a CMakeFiles/at32f403a_freemodbus_slave_master.dir/project/src/syscalls.c.obj
                0x080015a4                _lseek
 *fill*         0x080015be        0x2 
 .text._sbrk    0x080015c0       0x6c CMakeFiles/at32f403a_freemodbus_slave_master.dir/project/src/sysmem.c.obj
                0x080015c0                _sbrk
 .text.__NVIC_GetPriorityGrouping
                0x0800162c       0x1c CMakeFiles/at32f403a_freemodbus_slave_master.dir/project/src/at32f403a_407_wk_config.c.obj
 .text.__NVIC_SetPriority
                0x08001648       0x54 CMakeFiles/at32f403a_freemodbus_slave_master.dir/project/src/at32f403a_407_wk_config.c.obj
 .text.NVIC_EncodePriority
                0x0800169c       0x66 CMakeFiles/at32f403a_freemodbus_slave_master.dir/project/src/at32f403a_407_wk_config.c.obj
 *fill*         0x08001702        0x2 
 .text.wk_system_clock_config
                0x08001704       0xa4 CMakeFiles/at32f403a_freemodbus_slave_master.dir/project/src/at32f403a_407_wk_config.c.obj
                0x08001704                wk_system_clock_config
 .text.wk_periph_clock_config
                0x080017a8       0x70 CMakeFiles/at32f403a_freemodbus_slave_master.dir/project/src/at32f403a_407_wk_config.c.obj
                0x080017a8                wk_periph_clock_config
 .text.wk_nvic_config
                0x08001818       0xfa CMakeFiles/at32f403a_freemodbus_slave_master.dir/project/src/at32f403a_407_wk_config.c.obj
                0x08001818                wk_nvic_config
 .text.NMI_Handler
                0x08001912        0xe CMakeFiles/at32f403a_freemodbus_slave_master.dir/project/src/at32f403a_407_int.c.obj
                0x08001912                NMI_Handler
 .text.HardFault_Handler
                0x08001920        0x6 CMakeFiles/at32f403a_freemodbus_slave_master.dir/project/src/at32f403a_407_int.c.obj
                0x08001920                HardFault_Handler
 .text.MemManage_Handler
                0x08001926        0x6 CMakeFiles/at32f403a_freemodbus_slave_master.dir/project/src/at32f403a_407_int.c.obj
                0x08001926                MemManage_Handler
 .text.BusFault_Handler
                0x0800192c        0x6 CMakeFiles/at32f403a_freemodbus_slave_master.dir/project/src/at32f403a_407_int.c.obj
                0x0800192c                BusFault_Handler
 .text.UsageFault_Handler
                0x08001932        0x6 CMakeFiles/at32f403a_freemodbus_slave_master.dir/project/src/at32f403a_407_int.c.obj
                0x08001932                UsageFault_Handler
 .text.SVC_Handler
                0x08001938        0xe CMakeFiles/at32f403a_freemodbus_slave_master.dir/project/src/at32f403a_407_int.c.obj
                0x08001938                SVC_Handler
 .text.DebugMon_Handler
                0x08001946        0xe CMakeFiles/at32f403a_freemodbus_slave_master.dir/project/src/at32f403a_407_int.c.obj
                0x08001946                DebugMon_Handler
 .text.PendSV_Handler
                0x08001954        0xe CMakeFiles/at32f403a_freemodbus_slave_master.dir/project/src/at32f403a_407_int.c.obj
                0x08001954                PendSV_Handler
 .text.SysTick_Handler
                0x08001962        0xc CMakeFiles/at32f403a_freemodbus_slave_master.dir/project/src/at32f403a_407_int.c.obj
                0x08001962                SysTick_Handler
 .text.TMR2_GLOBAL_IRQHandler
                0x0800196e       0x26 CMakeFiles/at32f403a_freemodbus_slave_master.dir/project/src/at32f403a_407_int.c.obj
                0x0800196e                TMR2_GLOBAL_IRQHandler
 .text.TMR3_GLOBAL_IRQHandler
                0x08001994       0x28 CMakeFiles/at32f403a_freemodbus_slave_master.dir/project/src/at32f403a_407_int.c.obj
                0x08001994                TMR3_GLOBAL_IRQHandler
 .text.USART2_IRQHandler
                0x080019bc        0xc CMakeFiles/at32f403a_freemodbus_slave_master.dir/project/src/at32f403a_407_int.c.obj
                0x080019bc                USART2_IRQHandler
 .text.USART6_IRQHandler
                0x080019c8        0xc CMakeFiles/at32f403a_freemodbus_slave_master.dir/project/src/at32f403a_407_int.c.obj
                0x080019c8                USART6_IRQHandler
 .text.wk_timebase_increase
                0x080019d4       0x1c CMakeFiles/at32f403a_freemodbus_slave_master.dir/project/src/wk_system.c.obj
                0x080019d4                wk_timebase_increase
 .text.wk_timebase_get
                0x080019f0       0x18 CMakeFiles/at32f403a_freemodbus_slave_master.dir/project/src/wk_system.c.obj
                0x080019f0                wk_timebase_get
 .text.wk_delay_ms
                0x08001a08       0x38 CMakeFiles/at32f403a_freemodbus_slave_master.dir/project/src/wk_system.c.obj
                0x08001a08                wk_delay_ms
 .text.wk_timebase_init
                0x08001a40       0x50 CMakeFiles/at32f403a_freemodbus_slave_master.dir/project/src/wk_system.c.obj
                0x08001a40                wk_timebase_init
 .text.wk_timebase_handler
                0x08001a90        0xc CMakeFiles/at32f403a_freemodbus_slave_master.dir/project/src/wk_system.c.obj
                0x08001a90                wk_timebase_handler
 .text._write   0x08001a9c       0x60 CMakeFiles/at32f403a_freemodbus_slave_master.dir/project/src/wk_system.c.obj
                0x08001a9c                _write
 .text.wk_debug_config
                0x08001afc       0x14 CMakeFiles/at32f403a_freemodbus_slave_master.dir/project/src/wk_debug.c.obj
                0x08001afc                wk_debug_config
 .text.wk_tmr2_init
                0x08001b10       0x52 CMakeFiles/at32f403a_freemodbus_slave_master.dir/project/src/wk_tmr.c.obj
                0x08001b10                wk_tmr2_init
 *fill*         0x08001b62        0x2 
 .text.wk_tmr3_init
                0x08001b64       0x48 CMakeFiles/at32f403a_freemodbus_slave_master.dir/project/src/wk_tmr.c.obj
                0x08001b64                wk_tmr3_init
 .text.wk_usart1_init
                0x08001bac       0xa8 CMakeFiles/at32f403a_freemodbus_slave_master.dir/project/src/wk_usart.c.obj
                0x08001bac                wk_usart1_init
 .text.wk_usart2_init
                0x08001c54       0x9c CMakeFiles/at32f403a_freemodbus_slave_master.dir/project/src/wk_usart.c.obj
                0x08001c54                wk_usart2_init
 .text.wk_usart6_init
                0x08001cf0       0x90 CMakeFiles/at32f403a_freemodbus_slave_master.dir/project/src/wk_usart.c.obj
                0x08001cf0                wk_usart6_init
 .text.wk_gpio_config
                0x08001d80       0x40 CMakeFiles/at32f403a_freemodbus_slave_master.dir/project/src/wk_gpio.c.obj
                0x08001d80                wk_gpio_config
 .text.Reset_Handler
                0x08001dc0       0x48 CMakeFiles/at32f403a_freemodbus_slave_master.dir/startup_at32f403a_407.s.obj
                0x08001dc0                Reset_Handler
 .text.Default_Handler
                0x08001e08        0x2 CMakeFiles/at32f403a_freemodbus_slave_master.dir/startup_at32f403a_407.s.obj
                0x08001e08                SDIO1_IRQHandler
                0x08001e08                XMC_IRQHandler
                0x08001e08                EXINT2_IRQHandler
                0x08001e08                USBFS_L_CAN1_RX0_IRQHandler
                0x08001e08                UART8_IRQHandler
                0x08001e08                SPI4_IRQHandler
                0x08001e08                I2C2_EVT_IRQHandler
                0x08001e08                TMR1_OVF_TMR10_IRQHandler
                0x08001e08                TMR8_TRG_HALL_TMR14_IRQHandler
                0x08001e08                USBFS_H_CAN1_TX_IRQHandler
                0x08001e08                I2C1_ERR_IRQHandler
                0x08001e08                EXINT9_5_IRQHandler
                0x08001e08                EMAC_IRQHandler
                0x08001e08                CAN2_RX1_IRQHandler
                0x08001e08                TMR5_GLOBAL_IRQHandler
                0x08001e08                SDIO2_IRQHandler
                0x08001e08                ADC1_2_IRQHandler
                0x08001e08                SPI1_IRQHandler
                0x08001e08                TAMPER_IRQHandler
                0x08001e08                CAN2_RX0_IRQHandler
                0x08001e08                DMA2_Channel2_IRQHandler
                0x08001e08                DMA1_Channel4_IRQHandler
                0x08001e08                TMR8_CH_IRQHandler
                0x08001e08                EXINT0_IRQHandler
                0x08001e08                USART3_IRQHandler
                0x08001e08                RTC_IRQHandler
                0x08001e08                DMA1_Channel7_IRQHandler
                0x08001e08                CAN1_RX1_IRQHandler
                0x08001e08                UART5_IRQHandler
                0x08001e08                ADC3_IRQHandler
                0x08001e08                ACC_IRQHandler
                0x08001e08                EMAC_WKUP_IRQHandler
                0x08001e08                DMA2_Channel1_IRQHandler
                0x08001e08                EXINT3_IRQHandler
                0x08001e08                DMA1_Channel6_IRQHandler
                0x08001e08                UART4_IRQHandler
                0x08001e08                DMA1_Channel1_IRQHandler
                0x08001e08                Default_Handler
                0x08001e08                USBFS_MAPH_IRQHandler
                0x08001e08                TMR7_GLOBAL_IRQHandler
                0x08001e08                CAN1_SE_IRQHandler
                0x08001e08                CAN2_TX_IRQHandler
                0x08001e08                I2C3_ERR_IRQHandler
                0x08001e08                SPI3_I2S3EXT_IRQHandler
                0x08001e08                TMR1_BRK_TMR9_IRQHandler
                0x08001e08                USBFS_MAPL_IRQHandler
                0x08001e08                TMR8_BRK_TMR12_IRQHandler
                0x08001e08                TMR1_TRG_HALL_TMR11_IRQHandler
                0x08001e08                DMA1_Channel5_IRQHandler
                0x08001e08                TMR4_GLOBAL_IRQHandler
                0x08001e08                EXINT4_IRQHandler
                0x08001e08                CAN2_SE_IRQHandler
                0x08001e08                DMA2_Channel6_7_IRQHandler
                0x08001e08                PVM_IRQHandler
                0x08001e08                I2C3_EVT_IRQHandler
                0x08001e08                DMA1_Channel3_IRQHandler
                0x08001e08                I2C1_EVT_IRQHandler
                0x08001e08                TMR8_OVF_TMR13_IRQHandler
                0x08001e08                TMR6_GLOBAL_IRQHandler
                0x08001e08                EXINT1_IRQHandler
                0x08001e08                RTCAlarm_IRQHandler
                0x08001e08                DMA2_Channel4_5_IRQHandler
                0x08001e08                UART7_IRQHandler
                0x08001e08                DMA1_Channel2_IRQHandler
                0x08001e08                FLASH_IRQHandler
                0x08001e08                SPI2_I2S2EXT_IRQHandler
                0x08001e08                I2C2_ERR_IRQHandler
                0x08001e08                USBFSWakeUp_IRQHandler
                0x08001e08                USART1_IRQHandler
                0x08001e08                TMR1_CH_IRQHandler
                0x08001e08                CRM_IRQHandler
                0x08001e08                EXINT15_10_IRQHandler
                0x08001e08                WWDT_IRQHandler
                0x08001e08                DMA2_Channel3_IRQHandler
 *fill*         0x08001e0a        0x2 
 .text.eMBMasterInit
                0x08001e0c       0xd4 CMakeFiles/at32f403a_freemodbus_slave_master.dir/modbus/mb_m.c.obj
                0x08001e0c                eMBMasterInit
 .text.eMBMasterEnable
                0x08001ee0       0x38 CMakeFiles/at32f403a_freemodbus_slave_master.dir/modbus/mb_m.c.obj
                0x08001ee0                eMBMasterEnable
 .text.eMBMasterPoll
                0x08001f18      0x29c CMakeFiles/at32f403a_freemodbus_slave_master.dir/modbus/mb_m.c.obj
                0x08001f18                eMBMasterPoll
 .text.vMBMasterSetCBRunInMasterMode
                0x080021b4       0x20 CMakeFiles/at32f403a_freemodbus_slave_master.dir/modbus/mb_m.c.obj
                0x080021b4                vMBMasterSetCBRunInMasterMode
 .text.ucMBMasterGetDestAddress
                0x080021d4       0x18 CMakeFiles/at32f403a_freemodbus_slave_master.dir/modbus/mb_m.c.obj
                0x080021d4                ucMBMasterGetDestAddress
 .text.vMBMasterSetDestAddress
                0x080021ec       0x20 CMakeFiles/at32f403a_freemodbus_slave_master.dir/modbus/mb_m.c.obj
                0x080021ec                vMBMasterSetDestAddress
 .text.eMBMasterGetErrorType
                0x0800220c       0x18 CMakeFiles/at32f403a_freemodbus_slave_master.dir/modbus/mb_m.c.obj
                0x0800220c                eMBMasterGetErrorType
 .text.vMBMasterSetErrorType
                0x08002224       0x20 CMakeFiles/at32f403a_freemodbus_slave_master.dir/modbus/mb_m.c.obj
                0x08002224                vMBMasterSetErrorType
 .text.eMBMasterRTUInit
                0x08002244       0x70 CMakeFiles/at32f403a_freemodbus_slave_master.dir/modbus/rtu/mbrtu_m.c.obj
                0x08002244                eMBMasterRTUInit
 .text.eMBMasterRTUStart
                0x080022b4       0x28 CMakeFiles/at32f403a_freemodbus_slave_master.dir/modbus/rtu/mbrtu_m.c.obj
                0x080022b4                eMBMasterRTUStart
 .text.eMBMasterRTUStop
                0x080022dc       0x1c CMakeFiles/at32f403a_freemodbus_slave_master.dir/modbus/rtu/mbrtu_m.c.obj
                0x080022dc                eMBMasterRTUStop
 .text.eMBMasterRTUReceive
                0x080022f8       0x94 CMakeFiles/at32f403a_freemodbus_slave_master.dir/modbus/rtu/mbrtu_m.c.obj
                0x080022f8                eMBMasterRTUReceive
 .text.eMBMasterRTUSend
                0x0800238c       0xd4 CMakeFiles/at32f403a_freemodbus_slave_master.dir/modbus/rtu/mbrtu_m.c.obj
                0x0800238c                eMBMasterRTUSend
 .text.xMBMasterRTUReceiveFSM
                0x08002460       0xe8 CMakeFiles/at32f403a_freemodbus_slave_master.dir/modbus/rtu/mbrtu_m.c.obj
                0x08002460                xMBMasterRTUReceiveFSM
 .text.xMBMasterRTUTransmitFSM
                0x08002548       0xd8 CMakeFiles/at32f403a_freemodbus_slave_master.dir/modbus/rtu/mbrtu_m.c.obj
                0x08002548                xMBMasterRTUTransmitFSM
 .text.xMBMasterRTUTimerExpired
                0x08002620      0x120 CMakeFiles/at32f403a_freemodbus_slave_master.dir/modbus/rtu/mbrtu_m.c.obj
                0x08002620                xMBMasterRTUTimerExpired
 .text.vMBMasterGetPDUSndBuf
                0x08002740       0x20 CMakeFiles/at32f403a_freemodbus_slave_master.dir/modbus/rtu/mbrtu_m.c.obj
                0x08002740                vMBMasterGetPDUSndBuf
 .text.vMBMasterSetPDUSndLength
                0x08002760       0x20 CMakeFiles/at32f403a_freemodbus_slave_master.dir/modbus/rtu/mbrtu_m.c.obj
                0x08002760                vMBMasterSetPDUSndLength
 .text.usMBMasterGetPDUSndLength
                0x08002780       0x18 CMakeFiles/at32f403a_freemodbus_slave_master.dir/modbus/rtu/mbrtu_m.c.obj
                0x08002780                usMBMasterGetPDUSndLength
 .text.vMBMasterSetCurTimerMode
                0x08002798       0x20 CMakeFiles/at32f403a_freemodbus_slave_master.dir/modbus/rtu/mbrtu_m.c.obj
                0x08002798                vMBMasterSetCurTimerMode
 .text.xMBMasterRequestIsBroadcast
                0x080027b8       0x18 CMakeFiles/at32f403a_freemodbus_slave_master.dir/modbus/rtu/mbrtu_m.c.obj
                0x080027b8                xMBMasterRequestIsBroadcast
 .text.eMBMasterFuncReadCoils
                0x080027d0       0xd6 CMakeFiles/at32f403a_freemodbus_slave_master.dir/modbus/functions/mbfunccoils_m.c.obj
                0x080027d0                eMBMasterFuncReadCoils
 .text.eMBMasterFuncWriteCoil
                0x080028a6       0xa6 CMakeFiles/at32f403a_freemodbus_slave_master.dir/modbus/functions/mbfunccoils_m.c.obj
                0x080028a6                eMBMasterFuncWriteCoil
 .text.eMBMasterFuncWriteMultipleCoils
                0x0800294c       0xd4 CMakeFiles/at32f403a_freemodbus_slave_master.dir/modbus/functions/mbfunccoils_m.c.obj
                0x0800294c                eMBMasterFuncWriteMultipleCoils
 .text.eMBMasterFuncReadDiscreteInputs
                0x08002a20       0xd6 CMakeFiles/at32f403a_freemodbus_slave_master.dir/modbus/functions/mbfuncdisc_m.c.obj
                0x08002a20                eMBMasterFuncReadDiscreteInputs
 .text.eMBMasterReqWriteHoldingRegister
                0x08002af6       0x9c CMakeFiles/at32f403a_freemodbus_slave_master.dir/modbus/functions/mbfuncholding_m.c.obj
                0x08002af6                eMBMasterReqWriteHoldingRegister
 .text.eMBMasterFuncWriteHoldingRegister
                0x08002b92       0x6a CMakeFiles/at32f403a_freemodbus_slave_master.dir/modbus/functions/mbfuncholding_m.c.obj
                0x08002b92                eMBMasterFuncWriteHoldingRegister
 .text.eMBMasterFuncWriteMultipleHoldingRegister
                0x08002bfc       0xb2 CMakeFiles/at32f403a_freemodbus_slave_master.dir/modbus/functions/mbfuncholding_m.c.obj
                0x08002bfc                eMBMasterFuncWriteMultipleHoldingRegister
 .text.eMBMasterFuncReadHoldingRegister
                0x08002cae       0xb8 CMakeFiles/at32f403a_freemodbus_slave_master.dir/modbus/functions/mbfuncholding_m.c.obj
                0x08002cae                eMBMasterFuncReadHoldingRegister
 .text.eMBMasterFuncReadWriteMultipleHoldingRegister
                0x08002d66      0x100 CMakeFiles/at32f403a_freemodbus_slave_master.dir/modbus/functions/mbfuncholding_m.c.obj
                0x08002d66                eMBMasterFuncReadWriteMultipleHoldingRegister
 .text.eMBMasterFuncReadInputRegister
                0x08002e66       0xb8 CMakeFiles/at32f403a_freemodbus_slave_master.dir/modbus/functions/mbfuncinput_m.c.obj
                0x08002e66                eMBMasterFuncReadInputRegister
 *fill*         0x08002f1e        0x2 
 .text.vMBMasterPortSerialEnable
                0x08002f20       0x80 CMakeFiles/at32f403a_freemodbus_slave_master.dir/modbus_port/portserial_m.c.obj
                0x08002f20                vMBMasterPortSerialEnable
 .text.xMBMasterPortSerialInit
                0x08002fa0       0x26 CMakeFiles/at32f403a_freemodbus_slave_master.dir/modbus_port/portserial_m.c.obj
                0x08002fa0                xMBMasterPortSerialInit
 *fill*         0x08002fc6        0x2 
 .text.xMBMasterPortSerialPutByte
                0x08002fc8       0x28 CMakeFiles/at32f403a_freemodbus_slave_master.dir/modbus_port/portserial_m.c.obj
                0x08002fc8                xMBMasterPortSerialPutByte
 .text.xMBMasterPortSerialGetByte
                0x08002ff0       0x28 CMakeFiles/at32f403a_freemodbus_slave_master.dir/modbus_port/portserial_m.c.obj
                0x08002ff0                xMBMasterPortSerialGetByte
 .text.prvvUARTTxReadyISR
                0x08003018       0x14 CMakeFiles/at32f403a_freemodbus_slave_master.dir/modbus_port/portserial_m.c.obj
 .text.prvvUARTRxISR
                0x0800302c       0x14 CMakeFiles/at32f403a_freemodbus_slave_master.dir/modbus_port/portserial_m.c.obj
 .text.vUSARTHandler_m
                0x08003040       0x58 CMakeFiles/at32f403a_freemodbus_slave_master.dir/modbus_port/portserial_m.c.obj
                0x08003040                vUSARTHandler_m
 .text.xMBMasterPortTimersInit
                0x08003098       0x24 CMakeFiles/at32f403a_freemodbus_slave_master.dir/modbus_port/porttimer_m.c.obj
                0x08003098                xMBMasterPortTimersInit
 .text.vMBMasterPortTimersT35Enable
                0x080030bc       0x50 CMakeFiles/at32f403a_freemodbus_slave_master.dir/modbus_port/porttimer_m.c.obj
                0x080030bc                vMBMasterPortTimersT35Enable
 .text.vMBMasterPortTimersConvertDelayEnable
                0x0800310c        0xe CMakeFiles/at32f403a_freemodbus_slave_master.dir/modbus_port/porttimer_m.c.obj
                0x0800310c                vMBMasterPortTimersConvertDelayEnable
 .text.vMBMasterPortTimersRespondTimeoutEnable
                0x0800311a        0xe CMakeFiles/at32f403a_freemodbus_slave_master.dir/modbus_port/porttimer_m.c.obj
                0x0800311a                vMBMasterPortTimersRespondTimeoutEnable
 .text.vMBMasterPortTimersDisable
                0x08003128       0x40 CMakeFiles/at32f403a_freemodbus_slave_master.dir/modbus_port/porttimer_m.c.obj
                0x08003128                vMBMasterPortTimersDisable
 .text.prvvTIMERExpiredISR
                0x08003168       0x14 CMakeFiles/at32f403a_freemodbus_slave_master.dir/modbus_port/porttimer_m.c.obj
 .text.ex_m_prvvTIMERExpiredISR
                0x0800317c        0xc CMakeFiles/at32f403a_freemodbus_slave_master.dir/modbus_port/porttimer_m.c.obj
                0x0800317c                ex_m_prvvTIMERExpiredISR
 .text.xMBMasterPortEventInit
                0x08003188       0x1c CMakeFiles/at32f403a_freemodbus_slave_master.dir/modbus_port/portevent_m.c.obj
                0x08003188                xMBMasterPortEventInit
 .text.xMBMasterPortEventPost
                0x080031a4       0x2c CMakeFiles/at32f403a_freemodbus_slave_master.dir/modbus_port/portevent_m.c.obj
                0x080031a4                xMBMasterPortEventPost
 .text.xMBMasterPortEventGet
                0x080031d0       0x3c CMakeFiles/at32f403a_freemodbus_slave_master.dir/modbus_port/portevent_m.c.obj
                0x080031d0                xMBMasterPortEventGet
 .text.vMBMasterOsResInit
                0x0800320c        0xe CMakeFiles/at32f403a_freemodbus_slave_master.dir/modbus_port/portevent_m.c.obj
                0x0800320c                vMBMasterOsResInit
 .text.xMBMasterRunResTake
                0x0800321a       0x16 CMakeFiles/at32f403a_freemodbus_slave_master.dir/modbus_port/portevent_m.c.obj
                0x0800321a                xMBMasterRunResTake
 .text.vMBMasterRunResRelease
                0x08003230        0xe CMakeFiles/at32f403a_freemodbus_slave_master.dir/modbus_port/portevent_m.c.obj
                0x08003230                vMBMasterRunResRelease
 .text.vMBMasterErrorCBRespondTimeout
                0x0800323e       0x1e CMakeFiles/at32f403a_freemodbus_slave_master.dir/modbus_port/portevent_m.c.obj
                0x0800323e                vMBMasterErrorCBRespondTimeout
 .text.vMBMasterErrorCBReceiveData
                0x0800325c       0x1e CMakeFiles/at32f403a_freemodbus_slave_master.dir/modbus_port/portevent_m.c.obj
                0x0800325c                vMBMasterErrorCBReceiveData
 .text.vMBMasterErrorCBExecuteFunction
                0x0800327a       0x20 CMakeFiles/at32f403a_freemodbus_slave_master.dir/modbus_port/portevent_m.c.obj
                0x0800327a                vMBMasterErrorCBExecuteFunction
 .text.vMBMasterCBRequestScuuess
                0x0800329a        0xe CMakeFiles/at32f403a_freemodbus_slave_master.dir/modbus_port/portevent_m.c.obj
                0x0800329a                vMBMasterCBRequestScuuess
 .text.eMBMasterWaitRequestFinish
                0x080032a8       0x58 CMakeFiles/at32f403a_freemodbus_slave_master.dir/modbus_port/portevent_m.c.obj
                0x080032a8                eMBMasterWaitRequestFinish
 .text.eMBInit  0x08003300       0xf8 CMakeFiles/at32f403a_freemodbus_slave_master.dir/modbus/mb.c.obj
                0x08003300                eMBInit
 .text.eMBEnable
                0x080033f8       0x38 CMakeFiles/at32f403a_freemodbus_slave_master.dir/modbus/mb.c.obj
                0x080033f8                eMBEnable
 .text.eMBPoll  0x08003430      0x18c CMakeFiles/at32f403a_freemodbus_slave_master.dir/modbus/mb.c.obj
                0x08003430                eMBPoll
 .text.eMBRTUInit
                0x080035bc       0x78 CMakeFiles/at32f403a_freemodbus_slave_master.dir/modbus/rtu/mbrtu.c.obj
                0x080035bc                eMBRTUInit
 .text.eMBRTUStart
                0x08003634       0x28 CMakeFiles/at32f403a_freemodbus_slave_master.dir/modbus/rtu/mbrtu.c.obj
                0x08003634                eMBRTUStart
 .text.eMBRTUStop
                0x0800365c       0x1c CMakeFiles/at32f403a_freemodbus_slave_master.dir/modbus/rtu/mbrtu.c.obj
                0x0800365c                eMBRTUStop
 .text.eMBRTUReceive
                0x08003678       0x9c CMakeFiles/at32f403a_freemodbus_slave_master.dir/modbus/rtu/mbrtu.c.obj
                0x08003678                eMBRTUReceive
 .text.eMBRTUSend
                0x08003714       0xc8 CMakeFiles/at32f403a_freemodbus_slave_master.dir/modbus/rtu/mbrtu.c.obj
                0x08003714                eMBRTUSend
 .text.xMBRTUReceiveFSM
                0x080037dc       0xd0 CMakeFiles/at32f403a_freemodbus_slave_master.dir/modbus/rtu/mbrtu.c.obj
                0x080037dc                xMBRTUReceiveFSM
 .text.xMBRTUTransmitFSM
                0x080038ac       0xb0 CMakeFiles/at32f403a_freemodbus_slave_master.dir/modbus/rtu/mbrtu.c.obj
                0x080038ac                xMBRTUTransmitFSM
 .text.xMBRTUTimerT35Expired
                0x0800395c       0x8c CMakeFiles/at32f403a_freemodbus_slave_master.dir/modbus/rtu/mbrtu.c.obj
                0x0800395c                xMBRTUTimerT35Expired
 .text.usMBCRC16
                0x080039e8       0x6c CMakeFiles/at32f403a_freemodbus_slave_master.dir/modbus/rtu/mbcrc.c.obj
                0x080039e8                usMBCRC16
 .text.eMBFuncReadCoils
                0x08003a54       0xfe CMakeFiles/at32f403a_freemodbus_slave_master.dir/modbus/functions/mbfunccoils.c.obj
                0x08003a54                eMBFuncReadCoils
 .text.eMBFuncWriteCoil
                0x08003b52       0xa6 CMakeFiles/at32f403a_freemodbus_slave_master.dir/modbus/functions/mbfunccoils.c.obj
                0x08003b52                eMBFuncWriteCoil
 .text.eMBFuncWriteMultipleCoils
                0x08003bf8       0xce CMakeFiles/at32f403a_freemodbus_slave_master.dir/modbus/functions/mbfunccoils.c.obj
                0x08003bf8                eMBFuncWriteMultipleCoils
 .text.eMBFuncReadDiscreteInputs
                0x08003cc6       0xfe CMakeFiles/at32f403a_freemodbus_slave_master.dir/modbus/functions/mbfuncdisc.c.obj
                0x08003cc6                eMBFuncReadDiscreteInputs
 .text.eMBFuncWriteHoldingRegister
                0x08003dc4       0x6a CMakeFiles/at32f403a_freemodbus_slave_master.dir/modbus/functions/mbfuncholding.c.obj
                0x08003dc4                eMBFuncWriteHoldingRegister
 .text.eMBFuncWriteMultipleHoldingRegister
                0x08003e2e       0xb2 CMakeFiles/at32f403a_freemodbus_slave_master.dir/modbus/functions/mbfuncholding.c.obj
                0x08003e2e                eMBFuncWriteMultipleHoldingRegister
 .text.eMBFuncReadHoldingRegister
                0x08003ee0       0xde CMakeFiles/at32f403a_freemodbus_slave_master.dir/modbus/functions/mbfuncholding.c.obj
                0x08003ee0                eMBFuncReadHoldingRegister
 .text.eMBFuncReadWriteMultipleHoldingRegister
                0x08003fbe      0x154 CMakeFiles/at32f403a_freemodbus_slave_master.dir/modbus/functions/mbfuncholding.c.obj
                0x08003fbe                eMBFuncReadWriteMultipleHoldingRegister
 .text.eMBFuncReadInputRegister
                0x08004112       0xe4 CMakeFiles/at32f403a_freemodbus_slave_master.dir/modbus/functions/mbfuncinput.c.obj
                0x08004112                eMBFuncReadInputRegister
 *fill*         0x080041f6        0x2 
 .text.eMBFuncReportSlaveID
                0x080041f8       0x38 CMakeFiles/at32f403a_freemodbus_slave_master.dir/modbus/functions/mbfuncother.c.obj
                0x080041f8                eMBFuncReportSlaveID
 .text.xMBUtilSetBits
                0x08004230       0xd8 CMakeFiles/at32f403a_freemodbus_slave_master.dir/modbus/functions/mbutils.c.obj
                0x08004230                xMBUtilSetBits
 .text.xMBUtilGetBits
                0x08004308       0x74 CMakeFiles/at32f403a_freemodbus_slave_master.dir/modbus/functions/mbutils.c.obj
                0x08004308                xMBUtilGetBits
 .text.prveMBError2Exception
                0x0800437c       0x44 CMakeFiles/at32f403a_freemodbus_slave_master.dir/modbus/functions/mbutils.c.obj
                0x0800437c                prveMBError2Exception
 .text.vMBPortSerialEnable
                0x080043c0       0x6c CMakeFiles/at32f403a_freemodbus_slave_master.dir/modbus_port/portserial.c.obj
                0x080043c0                vMBPortSerialEnable
 .text.xMBPortSerialInit
                0x0800442c       0x26 CMakeFiles/at32f403a_freemodbus_slave_master.dir/modbus_port/portserial.c.obj
                0x0800442c                xMBPortSerialInit
 *fill*         0x08004452        0x2 
 .text.xMBPortSerialPutByte
                0x08004454       0x28 CMakeFiles/at32f403a_freemodbus_slave_master.dir/modbus_port/portserial.c.obj
                0x08004454                xMBPortSerialPutByte
 .text.xMBPortSerialGetByte
                0x0800447c       0x28 CMakeFiles/at32f403a_freemodbus_slave_master.dir/modbus_port/portserial.c.obj
                0x0800447c                xMBPortSerialGetByte
 .text.prvvUARTTxReadyISR
                0x080044a4       0x14 CMakeFiles/at32f403a_freemodbus_slave_master.dir/modbus_port/portserial.c.obj
 .text.prvvUARTRxISR
                0x080044b8       0x14 CMakeFiles/at32f403a_freemodbus_slave_master.dir/modbus_port/portserial.c.obj
 .text.vUSARTHandler
                0x080044cc       0x58 CMakeFiles/at32f403a_freemodbus_slave_master.dir/modbus_port/portserial.c.obj
                0x080044cc                vUSARTHandler
 .text.xMBPortTimersInit
                0x08004524       0x18 CMakeFiles/at32f403a_freemodbus_slave_master.dir/modbus_port/porttimer.c.obj
                0x08004524                xMBPortTimersInit
 .text.vMBPortTimersEnable
                0x0800453c       0x32 CMakeFiles/at32f403a_freemodbus_slave_master.dir/modbus_port/porttimer.c.obj
                0x0800453c                vMBPortTimersEnable
 .text.vMBPortTimersDisable
                0x0800456e       0x32 CMakeFiles/at32f403a_freemodbus_slave_master.dir/modbus_port/porttimer.c.obj
                0x0800456e                vMBPortTimersDisable
 .text.prvvTIMERExpiredISR
                0x080045a0       0x14 CMakeFiles/at32f403a_freemodbus_slave_master.dir/modbus_port/porttimer.c.obj
 .text.ex_prvvTIMERExpiredISR
                0x080045b4        0xc CMakeFiles/at32f403a_freemodbus_slave_master.dir/modbus_port/porttimer.c.obj
                0x080045b4                ex_prvvTIMERExpiredISR
 .text.xMBPortEventInit
                0x080045c0       0x1c CMakeFiles/at32f403a_freemodbus_slave_master.dir/modbus_port/portevent.c.obj
                0x080045c0                xMBPortEventInit
 .text.xMBPortEventPost
                0x080045dc       0x2c CMakeFiles/at32f403a_freemodbus_slave_master.dir/modbus_port/portevent.c.obj
                0x080045dc                xMBPortEventPost
 .text.xMBPortEventGet
                0x08004608       0x3c CMakeFiles/at32f403a_freemodbus_slave_master.dir/modbus_port/portevent.c.obj
                0x08004608                xMBPortEventGet
 .text.modbus_task
                0x08004644       0x8c CMakeFiles/at32f403a_freemodbus_slave_master.dir/project/src/mbtask.c.obj
                0x08004644                modbus_task
 .text.eMBRegInputCB
                0x080046d0       0x88 CMakeFiles/at32f403a_freemodbus_slave_master.dir/project/src/mbtask.c.obj
                0x080046d0                eMBRegInputCB
 .text.eMBRegHoldingCB
                0x08004758       0xf8 CMakeFiles/at32f403a_freemodbus_slave_master.dir/project/src/mbtask.c.obj
                0x08004758                eMBRegHoldingCB
 .text.eMBRegCoilsCB
                0x08004850       0xd0 CMakeFiles/at32f403a_freemodbus_slave_master.dir/project/src/mbtask.c.obj
                0x08004850                eMBRegCoilsCB
 .text.eMBRegDiscreteCB
                0x08004920       0x80 CMakeFiles/at32f403a_freemodbus_slave_master.dir/project/src/mbtask.c.obj
                0x08004920                eMBRegDiscreteCB
 .text.__assert_func
                0x080049a0       0x3c c:/users/altium/appdata/local/at32-tools/gcc-arm-none-eabi/v10.3/bin/../lib/gcc/arm-none-eabi/10.3.1/../../../../arm-none-eabi/lib/thumb/v7e-m+fp/hard\libg_nano.a(lib_a-assert.o)
                0x080049a0                __assert_func
 .text.__errno  0x080049dc        0xc c:/users/altium/appdata/local/at32-tools/gcc-arm-none-eabi/v10.3/bin/../lib/gcc/arm-none-eabi/10.3.1/../../../../arm-none-eabi/lib/thumb/v7e-m+fp/hard\libg_nano.a(lib_a-errno.o)
                0x080049dc                __errno
 .text.fprintf  0x080049e8       0x24 c:/users/altium/appdata/local/at32-tools/gcc-arm-none-eabi/v10.3/bin/../lib/gcc/arm-none-eabi/10.3.1/../../../../arm-none-eabi/lib/thumb/v7e-m+fp/hard\libg_nano.a(lib_a-fprintf.o)
                0x080049e8                fiprintf
                0x080049e8                fprintf
 .text.memcpy   0x08004a0c       0x1c c:/users/altium/appdata/local/at32-tools/gcc-arm-none-eabi/v10.3/bin/../lib/gcc/arm-none-eabi/10.3.1/../../../../arm-none-eabi/lib/thumb/v7e-m+fp/hard\libg_nano.a(lib_a-memcpy-stub.o)
                0x08004a0c                memcpy
 .text.__sfputc_r
                0x08004a28       0x2e c:/users/altium/appdata/local/at32-tools/gcc-arm-none-eabi/v10.3/bin/../lib/gcc/arm-none-eabi/10.3.1/../../../../arm-none-eabi/lib/thumb/v7e-m+fp/hard\libg_nano.a(lib_a-nano-vfprintf.o)
 .text.__sfputs_r
                0x08004a56       0x24 c:/users/altium/appdata/local/at32-tools/gcc-arm-none-eabi/v10.3/bin/../lib/gcc/arm-none-eabi/10.3.1/../../../../arm-none-eabi/lib/thumb/v7e-m+fp/hard\libg_nano.a(lib_a-nano-vfprintf.o)
                0x08004a56                __sfputs_r
 *fill*         0x08004a7a        0x2 
 .text._vfprintf_r
                0x08004a7c      0x260 c:/users/altium/appdata/local/at32-tools/gcc-arm-none-eabi/v10.3/bin/../lib/gcc/arm-none-eabi/10.3.1/../../../../arm-none-eabi/lib/thumb/v7e-m+fp/hard\libg_nano.a(lib_a-nano-vfprintf.o)
                0x08004a7c                _vfprintf_r
                0x08004a7c                _vfiprintf_r
 .text._printf_common
                0x08004cdc       0xda c:/users/altium/appdata/local/at32-tools/gcc-arm-none-eabi/v10.3/bin/../lib/gcc/arm-none-eabi/10.3.1/../../../../arm-none-eabi/lib/thumb/v7e-m+fp/hard\libg_nano.a(lib_a-nano-vfprintf_i.o)
                0x08004cdc                _printf_common
 *fill*         0x08004db6        0x2 
 .text._printf_i
                0x08004db8      0x24c c:/users/altium/appdata/local/at32-tools/gcc-arm-none-eabi/v10.3/bin/../lib/gcc/arm-none-eabi/10.3.1/../../../../arm-none-eabi/lib/thumb/v7e-m+fp/hard\libg_nano.a(lib_a-nano-vfprintf_i.o)
                0x08004db8                _printf_i
 .text.printf   0x08005004       0x30 c:/users/altium/appdata/local/at32-tools/gcc-arm-none-eabi/v10.3/bin/../lib/gcc/arm-none-eabi/10.3.1/../../../../arm-none-eabi/lib/thumb/v7e-m+fp/hard\libg_nano.a(lib_a-printf.o)
                0x08005004                iprintf
                0x08005004                printf
 .text._puts_r  0x08005034       0xdc c:/users/altium/appdata/local/at32-tools/gcc-arm-none-eabi/v10.3/bin/../lib/gcc/arm-none-eabi/10.3.1/../../../../arm-none-eabi/lib/thumb/v7e-m+fp/hard\libg_nano.a(lib_a-puts.o)
                0x08005034                _puts_r
 .text.puts     0x08005110       0x10 c:/users/altium/appdata/local/at32-tools/gcc-arm-none-eabi/v10.3/bin/../lib/gcc/arm-none-eabi/10.3.1/../../../../arm-none-eabi/lib/thumb/v7e-m+fp/hard\libg_nano.a(lib_a-puts.o)
                0x08005110                puts
 .text.setvbuf  0x08005120      0x18c c:/users/altium/appdata/local/at32-tools/gcc-arm-none-eabi/v10.3/bin/../lib/gcc/arm-none-eabi/10.3.1/../../../../arm-none-eabi/lib/thumb/v7e-m+fp/hard\libg_nano.a(lib_a-setvbuf.o)
                0x08005120                setvbuf
 .text.__swbuf_r
                0x080052ac       0xa4 c:/users/altium/appdata/local/at32-tools/gcc-arm-none-eabi/v10.3/bin/../lib/gcc/arm-none-eabi/10.3.1/../../../../arm-none-eabi/lib/thumb/v7e-m+fp/hard\libg_nano.a(lib_a-wbuf.o)
                0x080052ac                __swbuf_r
 .text.__swsetup_r
                0x08005350       0xdc c:/users/altium/appdata/local/at32-tools/gcc-arm-none-eabi/v10.3/bin/../lib/gcc/arm-none-eabi/10.3.1/../../../../arm-none-eabi/lib/thumb/v7e-m+fp/hard\libg_nano.a(lib_a-wsetup.o)
                0x08005350                __swsetup_r
 .text.abort    0x0800542c        0xe c:/users/altium/appdata/local/at32-tools/gcc-arm-none-eabi/v10.3/bin/../lib/gcc/arm-none-eabi/10.3.1/../../../../arm-none-eabi/lib/thumb/v7e-m+fp/hard\libg_nano.a(lib_a-abort.o)
                0x0800542c                abort
 *fill*         0x0800543a        0x2 
 .text.__sflush_r
                0x0800543c      0x10c c:/users/altium/appdata/local/at32-tools/gcc-arm-none-eabi/v10.3/bin/../lib/gcc/arm-none-eabi/10.3.1/../../../../arm-none-eabi/lib/thumb/v7e-m+fp/hard\libg_nano.a(lib_a-fflush.o)
                0x0800543c                __sflush_r
 .text._fflush_r
                0x08005548       0x78 c:/users/altium/appdata/local/at32-tools/gcc-arm-none-eabi/v10.3/bin/../lib/gcc/arm-none-eabi/10.3.1/../../../../arm-none-eabi/lib/thumb/v7e-m+fp/hard\libg_nano.a(lib_a-fflush.o)
                0x08005548                _fflush_r
 .text.std      0x080055c0       0x48 c:/users/altium/appdata/local/at32-tools/gcc-arm-none-eabi/v10.3/bin/../lib/gcc/arm-none-eabi/10.3.1/../../../../arm-none-eabi/lib/thumb/v7e-m+fp/hard\libg_nano.a(lib_a-findfp.o)
 .text._cleanup_r
                0x08005608        0xc c:/users/altium/appdata/local/at32-tools/gcc-arm-none-eabi/v10.3/bin/../lib/gcc/arm-none-eabi/10.3.1/../../../../arm-none-eabi/lib/thumb/v7e-m+fp/hard\libg_nano.a(lib_a-findfp.o)
                0x08005608                _cleanup_r
 .text.__sfmoreglue
                0x08005614       0x2c c:/users/altium/appdata/local/at32-tools/gcc-arm-none-eabi/v10.3/bin/../lib/gcc/arm-none-eabi/10.3.1/../../../../arm-none-eabi/lib/thumb/v7e-m+fp/hard\libg_nano.a(lib_a-findfp.o)
                0x08005614                __sfmoreglue
 .text.__sfp_lock_acquire
                0x08005640        0xc c:/users/altium/appdata/local/at32-tools/gcc-arm-none-eabi/v10.3/bin/../lib/gcc/arm-none-eabi/10.3.1/../../../../arm-none-eabi/lib/thumb/v7e-m+fp/hard\libg_nano.a(lib_a-findfp.o)
                0x08005640                __sfp_lock_acquire
 .text.__sfp_lock_release
                0x0800564c        0xc c:/users/altium/appdata/local/at32-tools/gcc-arm-none-eabi/v10.3/bin/../lib/gcc/arm-none-eabi/10.3.1/../../../../arm-none-eabi/lib/thumb/v7e-m+fp/hard\libg_nano.a(lib_a-findfp.o)
                0x0800564c                __sfp_lock_release
 .text.__sinit_lock_acquire
                0x08005658        0xc c:/users/altium/appdata/local/at32-tools/gcc-arm-none-eabi/v10.3/bin/../lib/gcc/arm-none-eabi/10.3.1/../../../../arm-none-eabi/lib/thumb/v7e-m+fp/hard\libg_nano.a(lib_a-findfp.o)
                0x08005658                __sinit_lock_acquire
 .text.__sinit_lock_release
                0x08005664        0xc c:/users/altium/appdata/local/at32-tools/gcc-arm-none-eabi/v10.3/bin/../lib/gcc/arm-none-eabi/10.3.1/../../../../arm-none-eabi/lib/thumb/v7e-m+fp/hard\libg_nano.a(lib_a-findfp.o)
                0x08005664                __sinit_lock_release
 .text.__sinit  0x08005670       0x70 c:/users/altium/appdata/local/at32-tools/gcc-arm-none-eabi/v10.3/bin/../lib/gcc/arm-none-eabi/10.3.1/../../../../arm-none-eabi/lib/thumb/v7e-m+fp/hard\libg_nano.a(lib_a-findfp.o)
                0x08005670                __sinit
 .text.__sfp    0x080056e0       0x8c c:/users/altium/appdata/local/at32-tools/gcc-arm-none-eabi/v10.3/bin/../lib/gcc/arm-none-eabi/10.3.1/../../../../arm-none-eabi/lib/thumb/v7e-m+fp/hard\libg_nano.a(lib_a-findfp.o)
                0x080056e0                __sfp
 .text._fwalk_reent
                0x0800576c       0x3e c:/users/altium/appdata/local/at32-tools/gcc-arm-none-eabi/v10.3/bin/../lib/gcc/arm-none-eabi/10.3.1/../../../../arm-none-eabi/lib/thumb/v7e-m+fp/hard\libg_nano.a(lib_a-fwalk.o)
                0x0800576c                _fwalk_reent
 .text.__retarget_lock_init_recursive
                0x080057aa        0x2 c:/users/altium/appdata/local/at32-tools/gcc-arm-none-eabi/v10.3/bin/../lib/gcc/arm-none-eabi/10.3.1/../../../../arm-none-eabi/lib/thumb/v7e-m+fp/hard\libg_nano.a(lib_a-lock.o)
                0x080057aa                __retarget_lock_init_recursive
 .text.__retarget_lock_acquire_recursive
                0x080057ac        0x2 c:/users/altium/appdata/local/at32-tools/gcc-arm-none-eabi/v10.3/bin/../lib/gcc/arm-none-eabi/10.3.1/../../../../arm-none-eabi/lib/thumb/v7e-m+fp/hard\libg_nano.a(lib_a-lock.o)
                0x080057ac                __retarget_lock_acquire_recursive
 .text.__retarget_lock_release_recursive
                0x080057ae        0x2 c:/users/altium/appdata/local/at32-tools/gcc-arm-none-eabi/v10.3/bin/../lib/gcc/arm-none-eabi/10.3.1/../../../../arm-none-eabi/lib/thumb/v7e-m+fp/hard\libg_nano.a(lib_a-lock.o)
                0x080057ae                __retarget_lock_release_recursive
 .text.__swhatbuf_r
                0x080057b0       0x4a c:/users/altium/appdata/local/at32-tools/gcc-arm-none-eabi/v10.3/bin/../lib/gcc/arm-none-eabi/10.3.1/../../../../arm-none-eabi/lib/thumb/v7e-m+fp/hard\libg_nano.a(lib_a-makebuf.o)
                0x080057b0                __swhatbuf_r
 *fill*         0x080057fa        0x2 
 .text.__smakebuf_r
                0x080057fc       0x80 c:/users/altium/appdata/local/at32-tools/gcc-arm-none-eabi/v10.3/bin/../lib/gcc/arm-none-eabi/10.3.1/../../../../arm-none-eabi/lib/thumb/v7e-m+fp/hard\libg_nano.a(lib_a-makebuf.o)
                0x080057fc                __smakebuf_r
 .text.malloc   0x0800587c       0x10 c:/users/altium/appdata/local/at32-tools/gcc-arm-none-eabi/v10.3/bin/../lib/gcc/arm-none-eabi/10.3.1/../../../../arm-none-eabi/lib/thumb/v7e-m+fp/hard\libg_nano.a(lib_a-malloc.o)
                0x0800587c                malloc
 .text._free_r  0x0800588c       0x98 c:/users/altium/appdata/local/at32-tools/gcc-arm-none-eabi/v10.3/bin/../lib/gcc/arm-none-eabi/10.3.1/../../../../arm-none-eabi/lib/thumb/v7e-m+fp/hard\libg_nano.a(lib_a-nano-freer.o)
                0x0800588c                _free_r
 .text.sbrk_aligned
                0x08005924       0x40 c:/users/altium/appdata/local/at32-tools/gcc-arm-none-eabi/v10.3/bin/../lib/gcc/arm-none-eabi/10.3.1/../../../../arm-none-eabi/lib/thumb/v7e-m+fp/hard\libg_nano.a(lib_a-nano-mallocr.o)
 .text._malloc_r
                0x08005964       0xe8 c:/users/altium/appdata/local/at32-tools/gcc-arm-none-eabi/v10.3/bin/../lib/gcc/arm-none-eabi/10.3.1/../../../../arm-none-eabi/lib/thumb/v7e-m+fp/hard\libg_nano.a(lib_a-nano-mallocr.o)
                0x08005964                _malloc_r
 .text._sbrk_r  0x08005a4c       0x20 c:/users/altium/appdata/local/at32-tools/gcc-arm-none-eabi/v10.3/bin/../lib/gcc/arm-none-eabi/10.3.1/../../../../arm-none-eabi/lib/thumb/v7e-m+fp/hard\libg_nano.a(lib_a-sbrkr.o)
                0x08005a4c                _sbrk_r
 .text._raise_r
                0x08005a6c       0x50 c:/users/altium/appdata/local/at32-tools/gcc-arm-none-eabi/v10.3/bin/../lib/gcc/arm-none-eabi/10.3.1/../../../../arm-none-eabi/lib/thumb/v7e-m+fp/hard\libg_nano.a(lib_a-signal.o)
                0x08005a6c                _raise_r
 .text.raise    0x08005abc       0x10 c:/users/altium/appdata/local/at32-tools/gcc-arm-none-eabi/v10.3/bin/../lib/gcc/arm-none-eabi/10.3.1/../../../../arm-none-eabi/lib/thumb/v7e-m+fp/hard\libg_nano.a(lib_a-signal.o)
                0x08005abc                raise
 .text._kill_r  0x08005acc       0x24 c:/users/altium/appdata/local/at32-tools/gcc-arm-none-eabi/v10.3/bin/../lib/gcc/arm-none-eabi/10.3.1/../../../../arm-none-eabi/lib/thumb/v7e-m+fp/hard\libg_nano.a(lib_a-signalr.o)
                0x08005acc                _kill_r
 .text._getpid_r
                0x08005af0        0x4 c:/users/altium/appdata/local/at32-tools/gcc-arm-none-eabi/v10.3/bin/../lib/gcc/arm-none-eabi/10.3.1/../../../../arm-none-eabi/lib/thumb/v7e-m+fp/hard\libg_nano.a(lib_a-signalr.o)
                0x08005af0                _getpid_r
 .text.__sread  0x08005af4       0x22 c:/users/altium/appdata/local/at32-tools/gcc-arm-none-eabi/v10.3/bin/../lib/gcc/arm-none-eabi/10.3.1/../../../../arm-none-eabi/lib/thumb/v7e-m+fp/hard\libg_nano.a(lib_a-stdio.o)
                0x08005af4                __sread
 .text.__swrite
                0x08005b16       0x38 c:/users/altium/appdata/local/at32-tools/gcc-arm-none-eabi/v10.3/bin/../lib/gcc/arm-none-eabi/10.3.1/../../../../arm-none-eabi/lib/thumb/v7e-m+fp/hard\libg_nano.a(lib_a-stdio.o)
                0x08005b16                __swrite
 .text.__sseek  0x08005b4e       0x24 c:/users/altium/appdata/local/at32-tools/gcc-arm-none-eabi/v10.3/bin/../lib/gcc/arm-none-eabi/10.3.1/../../../../arm-none-eabi/lib/thumb/v7e-m+fp/hard\libg_nano.a(lib_a-stdio.o)
                0x08005b4e                __sseek
 .text.__sclose
                0x08005b72        0x8 c:/users/altium/appdata/local/at32-tools/gcc-arm-none-eabi/v10.3/bin/../lib/gcc/arm-none-eabi/10.3.1/../../../../arm-none-eabi/lib/thumb/v7e-m+fp/hard\libg_nano.a(lib_a-stdio.o)
                0x08005b72                __sclose
 *fill*         0x08005b7a        0x2 
 .text._write_r
                0x08005b7c       0x24 c:/users/altium/appdata/local/at32-tools/gcc-arm-none-eabi/v10.3/bin/../lib/gcc/arm-none-eabi/10.3.1/../../../../arm-none-eabi/lib/thumb/v7e-m+fp/hard\libg_nano.a(lib_a-writer.o)
                0x08005b7c                _write_r
 .text._close_r
                0x08005ba0       0x20 c:/users/altium/appdata/local/at32-tools/gcc-arm-none-eabi/v10.3/bin/../lib/gcc/arm-none-eabi/10.3.1/../../../../arm-none-eabi/lib/thumb/v7e-m+fp/hard\libg_nano.a(lib_a-closer.o)
                0x08005ba0                _close_r
 .text._fstat_r
                0x08005bc0       0x24 c:/users/altium/appdata/local/at32-tools/gcc-arm-none-eabi/v10.3/bin/../lib/gcc/arm-none-eabi/10.3.1/../../../../arm-none-eabi/lib/thumb/v7e-m+fp/hard\libg_nano.a(lib_a-fstatr.o)
                0x08005bc0                _fstat_r
 .text._isatty_r
                0x08005be4       0x20 c:/users/altium/appdata/local/at32-tools/gcc-arm-none-eabi/v10.3/bin/../lib/gcc/arm-none-eabi/10.3.1/../../../../arm-none-eabi/lib/thumb/v7e-m+fp/hard\libg_nano.a(lib_a-isattyr.o)
                0x08005be4                _isatty_r
 .text._lseek_r
                0x08005c04       0x24 c:/users/altium/appdata/local/at32-tools/gcc-arm-none-eabi/v10.3/bin/../lib/gcc/arm-none-eabi/10.3.1/../../../../arm-none-eabi/lib/thumb/v7e-m+fp/hard\libg_nano.a(lib_a-lseekr.o)
                0x08005c04                _lseek_r
 .text.__malloc_lock
                0x08005c28        0xc c:/users/altium/appdata/local/at32-tools/gcc-arm-none-eabi/v10.3/bin/../lib/gcc/arm-none-eabi/10.3.1/../../../../arm-none-eabi/lib/thumb/v7e-m+fp/hard\libg_nano.a(lib_a-mlock.o)
                0x08005c28                __malloc_lock
 .text.__malloc_unlock
                0x08005c34        0xc c:/users/altium/appdata/local/at32-tools/gcc-arm-none-eabi/v10.3/bin/../lib/gcc/arm-none-eabi/10.3.1/../../../../arm-none-eabi/lib/thumb/v7e-m+fp/hard\libg_nano.a(lib_a-mlock.o)
                0x08005c34                __malloc_unlock
 .text._read_r  0x08005c40       0x24 c:/users/altium/appdata/local/at32-tools/gcc-arm-none-eabi/v10.3/bin/../lib/gcc/arm-none-eabi/10.3.1/../../../../arm-none-eabi/lib/thumb/v7e-m+fp/hard\libg_nano.a(lib_a-readr.o)
                0x08005c40                _read_r
 *(.glue_7)
 .glue_7        0x08005c64        0x0 linker stubs
 *(.glue_7t)
 .glue_7t       0x08005c64        0x0 linker stubs
 *(.eh_frame)
 .eh_frame      0x08005c64        0x0 c:/users/altium/appdata/local/at32-tools/gcc-arm-none-eabi/v10.3/bin/../lib/gcc/arm-none-eabi/10.3.1/thumb/v7e-m+fp/hard/crtbegin.o
 *(.init)
 .init          0x08005c64        0x4 c:/users/altium/appdata/local/at32-tools/gcc-arm-none-eabi/v10.3/bin/../lib/gcc/arm-none-eabi/10.3.1/thumb/v7e-m+fp/hard/crti.o
                0x08005c64                _init
 .init          0x08005c68        0x8 c:/users/altium/appdata/local/at32-tools/gcc-arm-none-eabi/v10.3/bin/../lib/gcc/arm-none-eabi/10.3.1/thumb/v7e-m+fp/hard/crtn.o
 *(.fini)
 .fini          0x08005c70        0x4 c:/users/altium/appdata/local/at32-tools/gcc-arm-none-eabi/v10.3/bin/../lib/gcc/arm-none-eabi/10.3.1/thumb/v7e-m+fp/hard/crti.o
                0x08005c70                _fini
 .fini          0x08005c74        0x8 c:/users/altium/appdata/local/at32-tools/gcc-arm-none-eabi/v10.3/bin/../lib/gcc/arm-none-eabi/10.3.1/thumb/v7e-m+fp/hard/crtn.o
                0x08005c7c                . = ALIGN (0x4)
                0x08005c7c                _etext = .

.vfp11_veneer   0x08005c7c        0x0
 .vfp11_veneer  0x08005c7c        0x0 linker stubs

.v4_bx          0x08005c7c        0x0
 .v4_bx         0x08005c7c        0x0 linker stubs

.iplt           0x08005c7c        0x0
 .iplt          0x08005c7c        0x0 c:/users/altium/appdata/local/at32-tools/gcc-arm-none-eabi/v10.3/bin/../lib/gcc/arm-none-eabi/10.3.1/thumb/v7e-m+fp/hard/crtbegin.o

.rodata         0x08005c7c      0x800
                0x08005c7c                . = ALIGN (0x4)
 *(.rodata)
 .rodata        0x08005c7c       0x6b CMakeFiles/at32f403a_freemodbus_slave_master.dir/project/src/main.c.obj
 *fill*         0x08005ce7        0x1 
 .rodata        0x08005ce8      0x1b5 CMakeFiles/at32f403a_freemodbus_slave_master.dir/modbus/rtu/mbrtu_m.c.obj
 *fill*         0x08005e9d        0x3 
 .rodata        0x08005ea0      0x10f CMakeFiles/at32f403a_freemodbus_slave_master.dir/modbus/rtu/mbrtu.c.obj
 *fill*         0x08005faf        0x1 
 .rodata        0x08005fb0       0x61 CMakeFiles/at32f403a_freemodbus_slave_master.dir/modbus/functions/mbutils.c.obj
 *fill*         0x08006011        0x3 
 .rodata        0x08006014       0x9c CMakeFiles/at32f403a_freemodbus_slave_master.dir/project/src/mbtask.c.obj
 *(.rodata*)
 .rodata._global_impure_ptr
                0x080060b0        0x4 c:/users/altium/appdata/local/at32-tools/gcc-arm-none-eabi/v10.3/bin/../lib/gcc/arm-none-eabi/10.3.1/../../../../arm-none-eabi/lib/thumb/v7e-m+fp/hard\libc_nano.a(lib_a-impure.o)
                0x080060b0                _global_impure_ptr
 .rodata.sys_ahb_div_table.0
                0x080060b4       0x10 cmake/at32_workbench/CMakeFiles/AT32_Drivers.dir/__/__/libraries/cmsis/cm4/device_support/system_at32f403a_407.c.obj
 .rodata.sclk_ahb_div_table.3
                0x080060c4       0x10 cmake/at32_workbench/CMakeFiles/AT32_Drivers.dir/__/__/libraries/drivers/src/at32f403a_407_crm.c.obj
 .rodata.ahb_apb1_div_table.2
                0x080060d4        0x8 cmake/at32_workbench/CMakeFiles/AT32_Drivers.dir/__/__/libraries/drivers/src/at32f403a_407_crm.c.obj
 .rodata.ahb_apb2_div_table.1
                0x080060dc        0x8 cmake/at32_workbench/CMakeFiles/AT32_Drivers.dir/__/__/libraries/drivers/src/at32f403a_407_crm.c.obj
 .rodata.adc_div_table.0
                0x080060e4        0x8 cmake/at32_workbench/CMakeFiles/AT32_Drivers.dir/__/__/libraries/drivers/src/at32f403a_407_crm.c.obj
 .rodata.__func__.3
                0x080060ec       0x14 CMakeFiles/at32f403a_freemodbus_slave_master.dir/modbus/rtu/mbrtu_m.c.obj
 .rodata.__func__.2
                0x08006100       0x17 CMakeFiles/at32f403a_freemodbus_slave_master.dir/modbus/rtu/mbrtu_m.c.obj
 *fill*         0x08006117        0x1 
 .rodata.__func__.1
                0x08006118       0x18 CMakeFiles/at32f403a_freemodbus_slave_master.dir/modbus/rtu/mbrtu_m.c.obj
 .rodata.__func__.0
                0x08006130       0x19 CMakeFiles/at32f403a_freemodbus_slave_master.dir/modbus/rtu/mbrtu_m.c.obj
 *fill*         0x08006149        0x3 
 .rodata.__func__.3
                0x0800614c        0xe CMakeFiles/at32f403a_freemodbus_slave_master.dir/modbus/rtu/mbrtu.c.obj
 *fill*         0x0800615a        0x2 
 .rodata.__func__.2
                0x0800615c       0x11 CMakeFiles/at32f403a_freemodbus_slave_master.dir/modbus/rtu/mbrtu.c.obj
 *fill*         0x0800616d        0x3 
 .rodata.__func__.1
                0x08006170       0x12 CMakeFiles/at32f403a_freemodbus_slave_master.dir/modbus/rtu/mbrtu.c.obj
 *fill*         0x08006182        0x2 
 .rodata.__func__.0
                0x08006184       0x16 CMakeFiles/at32f403a_freemodbus_slave_master.dir/modbus/rtu/mbrtu.c.obj
 *fill*         0x0800619a        0x2 
 .rodata.aucCRCHi
                0x0800619c      0x100 CMakeFiles/at32f403a_freemodbus_slave_master.dir/modbus/rtu/mbcrc.c.obj
 .rodata.aucCRCLo
                0x0800629c      0x100 CMakeFiles/at32f403a_freemodbus_slave_master.dir/modbus/rtu/mbcrc.c.obj
 .rodata.__func__.0
                0x0800639c        0xf CMakeFiles/at32f403a_freemodbus_slave_master.dir/modbus/functions/mbutils.c.obj
 .rodata.__assert_func.str1.1
                0x080063ab       0x3c c:/users/altium/appdata/local/at32-tools/gcc-arm-none-eabi/v10.3/bin/../lib/gcc/arm-none-eabi/10.3.1/../../../../arm-none-eabi/lib/thumb/v7e-m+fp/hard\libg_nano.a(lib_a-assert.o)
                                 0x3d (size before relaxing)
 .rodata._vfprintf_r.str1.1
                0x080063e7       0x11 c:/users/altium/appdata/local/at32-tools/gcc-arm-none-eabi/v10.3/bin/../lib/gcc/arm-none-eabi/10.3.1/../../../../arm-none-eabi/lib/thumb/v7e-m+fp/hard\libg_nano.a(lib_a-nano-vfprintf.o)
 .rodata._printf_i.str1.1
                0x080063f8       0x22 c:/users/altium/appdata/local/at32-tools/gcc-arm-none-eabi/v10.3/bin/../lib/gcc/arm-none-eabi/10.3.1/../../../../arm-none-eabi/lib/thumb/v7e-m+fp/hard\libg_nano.a(lib_a-nano-vfprintf_i.o)
 *fill*         0x0800641a        0x2 
 .rodata.__sf_fake_stderr
                0x0800641c       0x20 c:/users/altium/appdata/local/at32-tools/gcc-arm-none-eabi/v10.3/bin/../lib/gcc/arm-none-eabi/10.3.1/../../../../arm-none-eabi/lib/thumb/v7e-m+fp/hard\libg_nano.a(lib_a-findfp.o)
                0x0800641c                __sf_fake_stderr
 .rodata.__sf_fake_stdin
                0x0800643c       0x20 c:/users/altium/appdata/local/at32-tools/gcc-arm-none-eabi/v10.3/bin/../lib/gcc/arm-none-eabi/10.3.1/../../../../arm-none-eabi/lib/thumb/v7e-m+fp/hard\libg_nano.a(lib_a-findfp.o)
                0x0800643c                __sf_fake_stdin
 .rodata.__sf_fake_stdout
                0x0800645c       0x20 c:/users/altium/appdata/local/at32-tools/gcc-arm-none-eabi/v10.3/bin/../lib/gcc/arm-none-eabi/10.3.1/../../../../arm-none-eabi/lib/thumb/v7e-m+fp/hard\libg_nano.a(lib_a-findfp.o)
                0x0800645c                __sf_fake_stdout
                0x0800647c                . = ALIGN (0x4)

.rel.dyn        0x0800647c        0x0
 .rel.iplt      0x0800647c        0x0 c:/users/altium/appdata/local/at32-tools/gcc-arm-none-eabi/v10.3/bin/../lib/gcc/arm-none-eabi/10.3.1/thumb/v7e-m+fp/hard/crtbegin.o

.ARM.extab
 *(.ARM.extab* .gnu.linkonce.armextab.*)

.ARM            0x0800647c        0x0
                0x0800647c                __exidx_start = .
 *(.ARM.exidx*)
                0x0800647c                __exidx_end = .

.preinit_array  0x0800647c        0x0
                0x0800647c                PROVIDE (__preinit_array_start = .)
 *(.preinit_array*)
                0x0800647c                PROVIDE (__preinit_array_end = .)

.init_array     0x0800647c        0x4
                0x0800647c                PROVIDE (__init_array_start = .)
 *(SORT_BY_NAME(.init_array.*))
 *(.init_array*)
 .init_array    0x0800647c        0x4 c:/users/altium/appdata/local/at32-tools/gcc-arm-none-eabi/v10.3/bin/../lib/gcc/arm-none-eabi/10.3.1/thumb/v7e-m+fp/hard/crtbegin.o
                0x08006480                PROVIDE (__init_array_end = .)

.fini_array     0x08006480        0x4
                [!provide]                PROVIDE (__fini_array_start = .)
 *(SORT_BY_NAME(.fini_array.*))
 *(.fini_array*)
 .fini_array    0x08006480        0x4 c:/users/altium/appdata/local/at32-tools/gcc-arm-none-eabi/v10.3/bin/../lib/gcc/arm-none-eabi/10.3.1/thumb/v7e-m+fp/hard/crtbegin.o
                [!provide]                PROVIDE (__fini_array_end = .)
                0x08006484                _sidata = LOADADDR (.data)

.data           0x20000000      0x180 load address 0x08006484
                0x20000000                . = ALIGN (0x4)
                0x20000000                _sdata = .
 *(.data)
 *(.data*)
 .data._impure_ptr
                0x20000000        0x4 c:/users/altium/appdata/local/at32-tools/gcc-arm-none-eabi/v10.3/bin/../lib/gcc/arm-none-eabi/10.3.1/../../../../arm-none-eabi/lib/thumb/v7e-m+fp/hard\libc_nano.a(lib_a-impure.o)
                0x20000000                _impure_ptr
 .data.impure_data
                0x20000004       0x60 c:/users/altium/appdata/local/at32-tools/gcc-arm-none-eabi/v10.3/bin/../lib/gcc/arm-none-eabi/10.3.1/../../../../arm-none-eabi/lib/thumb/v7e-m+fp/hard\libc_nano.a(lib_a-impure.o)
 .data.system_core_clock
                0x20000064        0x4 cmake/at32_workbench/CMakeFiles/AT32_Drivers.dir/__/__/libraries/cmsis/cm4/device_support/system_at32f403a_407.c.obj
                0x20000064                system_core_clock
 .data.eMBState
                0x20000068        0x1 CMakeFiles/at32f403a_freemodbus_slave_master.dir/modbus/mb_m.c.obj
 *fill*         0x20000069        0x3 
 .data.xMasterFuncHandlers
                0x2000006c       0x80 CMakeFiles/at32f403a_freemodbus_slave_master.dir/modbus/mb_m.c.obj
 .data.modbusUart
                0x200000ec        0x4 CMakeFiles/at32f403a_freemodbus_slave_master.dir/modbus_port/mt_port.c.obj
                0x200000ec                modbusUart
 .data.modbusTimer
                0x200000f0        0x4 CMakeFiles/at32f403a_freemodbus_slave_master.dir/modbus_port/mt_port.c.obj
                0x200000f0                modbusTimer
 .data.eMBState
                0x200000f4        0x1 CMakeFiles/at32f403a_freemodbus_slave_master.dir/modbus/mb.c.obj
 *fill*         0x200000f5        0x3 
 .data.xFuncHandlers
                0x200000f8       0x80 CMakeFiles/at32f403a_freemodbus_slave_master.dir/modbus/mb.c.obj
 .data.port_uart
                0x20000178        0x4 CMakeFiles/at32f403a_freemodbus_slave_master.dir/modbus_port/portserial.c.obj
 .data.usRegInputStart
                0x2000017c        0x2 CMakeFiles/at32f403a_freemodbus_slave_master.dir/project/src/mbtask.c.obj
 .data.usRegHoldingStart
                0x2000017e        0x2 CMakeFiles/at32f403a_freemodbus_slave_master.dir/project/src/mbtask.c.obj
                0x20000180                . = ALIGN (0x4)
                0x20000180                _edata = .
                0x08400000                _spim_init_base = LOADADDR (.spim)
                0x00000000                _spim_init_length = SIZEOF (.spim)

.igot.plt       0x20000180        0x0 load address 0x08006604
 .igot.plt      0x20000180        0x0 c:/users/altium/appdata/local/at32-tools/gcc-arm-none-eabi/v10.3/bin/../lib/gcc/arm-none-eabi/10.3.1/thumb/v7e-m+fp/hard/crtbegin.o

.spim           0x08400000        0x0
                0x08400000                . = ALIGN (0x4)
                0x08400000                _spim_start = .
 *(.spim)
 *(.spim*)
                0x08400000                . = ALIGN (0x4)
                0x08400000                _spim_end = .
                0x08400000                . = ALIGN (0x4)

.bss            0x20000180      0x48c
                0x20000180                _sbss = .
                0x20000180                __bss_start__ = _sbss
 *(.bss)
 .bss           0x20000180       0x1c c:/users/altium/appdata/local/at32-tools/gcc-arm-none-eabi/v10.3/bin/../lib/gcc/arm-none-eabi/10.3.1/thumb/v7e-m+fp/hard/crtbegin.o
 *(.bss*)
 .bss.usRegInputBuf
                0x2000019c       0x20 CMakeFiles/at32f403a_freemodbus_slave_master.dir/project/src/main.c.obj
                0x2000019c                usRegInputBuf
 .bss.usRegHoldingBuf
                0x200001bc       0x80 CMakeFiles/at32f403a_freemodbus_slave_master.dir/project/src/main.c.obj
                0x200001bc                usRegHoldingBuf
 .bss.ucRegCoilsBuf
                0x2000023c        0x8 CMakeFiles/at32f403a_freemodbus_slave_master.dir/project/src/main.c.obj
                0x2000023c                ucRegCoilsBuf
 .bss.ucRegDiscreteBuf
                0x20000244        0x8 CMakeFiles/at32f403a_freemodbus_slave_master.dir/project/src/main.c.obj
                0x20000244                ucRegDiscreteBuf
 .bss.__sbrk_heap_end
                0x2000024c        0x4 CMakeFiles/at32f403a_freemodbus_slave_master.dir/project/src/sysmem.c.obj
 .bss.timebase_ticks
                0x20000250        0x4 CMakeFiles/at32f403a_freemodbus_slave_master.dir/project/src/wk_system.c.obj
                0x20000250                timebase_ticks
 .bss.ucMBMasterDestAddress
                0x20000254        0x1 CMakeFiles/at32f403a_freemodbus_slave_master.dir/modbus/mb_m.c.obj
 .bss.xMBRunInMasterMode
                0x20000255        0x1 CMakeFiles/at32f403a_freemodbus_slave_master.dir/modbus/mb_m.c.obj
 .bss.eMBMasterCurErrorType
                0x20000256        0x1 CMakeFiles/at32f403a_freemodbus_slave_master.dir/modbus/mb_m.c.obj
 *fill*         0x20000257        0x1 
 .bss.peMBMasterFrameSendCur
                0x20000258        0x4 CMakeFiles/at32f403a_freemodbus_slave_master.dir/modbus/mb_m.c.obj
 .bss.pvMBMasterFrameStartCur
                0x2000025c        0x4 CMakeFiles/at32f403a_freemodbus_slave_master.dir/modbus/mb_m.c.obj
 .bss.pvMBMasterFrameStopCur
                0x20000260        0x4 CMakeFiles/at32f403a_freemodbus_slave_master.dir/modbus/mb_m.c.obj
 .bss.peMBMasterFrameReceiveCur
                0x20000264        0x4 CMakeFiles/at32f403a_freemodbus_slave_master.dir/modbus/mb_m.c.obj
 .bss.pvMBMasterFrameCloseCur
                0x20000268        0x4 CMakeFiles/at32f403a_freemodbus_slave_master.dir/modbus/mb_m.c.obj
 .bss.pxMBMasterFrameCBByteReceived
                0x2000026c        0x4 CMakeFiles/at32f403a_freemodbus_slave_master.dir/modbus/mb_m.c.obj
                0x2000026c                pxMBMasterFrameCBByteReceived
 .bss.pxMBMasterFrameCBTransmitterEmpty
                0x20000270        0x4 CMakeFiles/at32f403a_freemodbus_slave_master.dir/modbus/mb_m.c.obj
                0x20000270                pxMBMasterFrameCBTransmitterEmpty
 .bss.pxMBMasterPortCBTimerExpired
                0x20000274        0x4 CMakeFiles/at32f403a_freemodbus_slave_master.dir/modbus/mb_m.c.obj
                0x20000274                pxMBMasterPortCBTimerExpired
 .bss.ucRcvAddress.4
                0x20000278        0x1 CMakeFiles/at32f403a_freemodbus_slave_master.dir/modbus/mb_m.c.obj
 *fill*         0x20000279        0x3 
 .bss.ucMBFrame.3
                0x2000027c        0x4 CMakeFiles/at32f403a_freemodbus_slave_master.dir/modbus/mb_m.c.obj
 .bss.usLength.2
                0x20000280        0x2 CMakeFiles/at32f403a_freemodbus_slave_master.dir/modbus/mb_m.c.obj
 .bss.ucFunctionCode.1
                0x20000282        0x1 CMakeFiles/at32f403a_freemodbus_slave_master.dir/modbus/mb_m.c.obj
 .bss.eException.0
                0x20000283        0x1 CMakeFiles/at32f403a_freemodbus_slave_master.dir/modbus/mb_m.c.obj
 .bss.eSndState
                0x20000284        0x1 CMakeFiles/at32f403a_freemodbus_slave_master.dir/modbus/rtu/mbrtu_m.c.obj
 .bss.eRcvState
                0x20000285        0x1 CMakeFiles/at32f403a_freemodbus_slave_master.dir/modbus/rtu/mbrtu_m.c.obj
 *fill*         0x20000286        0x2 
 .bss.ucMasterRTUSndBuf
                0x20000288       0xfd CMakeFiles/at32f403a_freemodbus_slave_master.dir/modbus/rtu/mbrtu_m.c.obj
 *fill*         0x20000385        0x3 
 .bss.ucMasterRTURcvBuf
                0x20000388      0x100 CMakeFiles/at32f403a_freemodbus_slave_master.dir/modbus/rtu/mbrtu_m.c.obj
 .bss.usMasterSendPDULength
                0x20000488        0x2 CMakeFiles/at32f403a_freemodbus_slave_master.dir/modbus/rtu/mbrtu_m.c.obj
 *fill*         0x2000048a        0x2 
 .bss.pucMasterSndBufferCur
                0x2000048c        0x4 CMakeFiles/at32f403a_freemodbus_slave_master.dir/modbus/rtu/mbrtu_m.c.obj
 .bss.usMasterSndBufferCount
                0x20000490        0x2 CMakeFiles/at32f403a_freemodbus_slave_master.dir/modbus/rtu/mbrtu_m.c.obj
 .bss.usMasterRcvBufferPos
                0x20000492        0x2 CMakeFiles/at32f403a_freemodbus_slave_master.dir/modbus/rtu/mbrtu_m.c.obj
 .bss.xFrameIsBroadcast
                0x20000494        0x1 CMakeFiles/at32f403a_freemodbus_slave_master.dir/modbus/rtu/mbrtu_m.c.obj
 .bss.eMasterCurTimerMode
                0x20000495        0x1 CMakeFiles/at32f403a_freemodbus_slave_master.dir/modbus/rtu/mbrtu_m.c.obj
 .bss.timerPeriod
                0x20000496        0x2 CMakeFiles/at32f403a_freemodbus_slave_master.dir/modbus_port/porttimer_m.c.obj
                0x20000496                timerPeriod
 .bss.timerCounter
                0x20000498        0x2 CMakeFiles/at32f403a_freemodbus_slave_master.dir/modbus_port/porttimer_m.c.obj
                0x20000498                timerCounter
 .bss.eQueuedEvent
                0x2000049a        0x2 CMakeFiles/at32f403a_freemodbus_slave_master.dir/modbus_port/portevent_m.c.obj
 .bss.xEventInQueue
                0x2000049c        0x1 CMakeFiles/at32f403a_freemodbus_slave_master.dir/modbus_port/portevent_m.c.obj
 .bss.ucMBAddress
                0x2000049d        0x1 CMakeFiles/at32f403a_freemodbus_slave_master.dir/modbus/mb.c.obj
 .bss.eMBCurrentMode
                0x2000049e        0x1 CMakeFiles/at32f403a_freemodbus_slave_master.dir/modbus/mb.c.obj
 *fill*         0x2000049f        0x1 
 .bss.peMBFrameSendCur
                0x200004a0        0x4 CMakeFiles/at32f403a_freemodbus_slave_master.dir/modbus/mb.c.obj
 .bss.pvMBFrameStartCur
                0x200004a4        0x4 CMakeFiles/at32f403a_freemodbus_slave_master.dir/modbus/mb.c.obj
 .bss.pvMBFrameStopCur
                0x200004a8        0x4 CMakeFiles/at32f403a_freemodbus_slave_master.dir/modbus/mb.c.obj
 .bss.peMBFrameReceiveCur
                0x200004ac        0x4 CMakeFiles/at32f403a_freemodbus_slave_master.dir/modbus/mb.c.obj
 .bss.pvMBFrameCloseCur
                0x200004b0        0x4 CMakeFiles/at32f403a_freemodbus_slave_master.dir/modbus/mb.c.obj
 .bss.pxMBFrameCBByteReceived
                0x200004b4        0x4 CMakeFiles/at32f403a_freemodbus_slave_master.dir/modbus/mb.c.obj
                0x200004b4                pxMBFrameCBByteReceived
 .bss.pxMBFrameCBTransmitterEmpty
                0x200004b8        0x4 CMakeFiles/at32f403a_freemodbus_slave_master.dir/modbus/mb.c.obj
                0x200004b8                pxMBFrameCBTransmitterEmpty
 .bss.pxMBPortCBTimerExpired
                0x200004bc        0x4 CMakeFiles/at32f403a_freemodbus_slave_master.dir/modbus/mb.c.obj
                0x200004bc                pxMBPortCBTimerExpired
 .bss.ucRcvAddress.4
                0x200004c0        0x1 CMakeFiles/at32f403a_freemodbus_slave_master.dir/modbus/mb.c.obj
 *fill*         0x200004c1        0x3 
 .bss.ucMBFrame.3
                0x200004c4        0x4 CMakeFiles/at32f403a_freemodbus_slave_master.dir/modbus/mb.c.obj
 .bss.usLength.2
                0x200004c8        0x2 CMakeFiles/at32f403a_freemodbus_slave_master.dir/modbus/mb.c.obj
 .bss.ucFunctionCode.1
                0x200004ca        0x1 CMakeFiles/at32f403a_freemodbus_slave_master.dir/modbus/mb.c.obj
 .bss.eException.0
                0x200004cb        0x1 CMakeFiles/at32f403a_freemodbus_slave_master.dir/modbus/mb.c.obj
 .bss.eSndState
                0x200004cc        0x1 CMakeFiles/at32f403a_freemodbus_slave_master.dir/modbus/rtu/mbrtu.c.obj
 .bss.eRcvState
                0x200004cd        0x1 CMakeFiles/at32f403a_freemodbus_slave_master.dir/modbus/rtu/mbrtu.c.obj
 *fill*         0x200004ce        0x2 
 .bss.ucRTUBuf  0x200004d0      0x100 CMakeFiles/at32f403a_freemodbus_slave_master.dir/modbus/rtu/mbrtu.c.obj
                0x200004d0                ucRTUBuf
 .bss.pucSndBufferCur
                0x200005d0        0x4 CMakeFiles/at32f403a_freemodbus_slave_master.dir/modbus/rtu/mbrtu.c.obj
 .bss.usSndBufferCount
                0x200005d4        0x2 CMakeFiles/at32f403a_freemodbus_slave_master.dir/modbus/rtu/mbrtu.c.obj
 .bss.usRcvBufferPos
                0x200005d6        0x2 CMakeFiles/at32f403a_freemodbus_slave_master.dir/modbus/rtu/mbrtu.c.obj
 .bss.ucMBSlaveID
                0x200005d8       0x20 CMakeFiles/at32f403a_freemodbus_slave_master.dir/modbus/functions/mbfuncother.c.obj
 .bss.usMBSlaveIDLen
                0x200005f8        0x2 CMakeFiles/at32f403a_freemodbus_slave_master.dir/modbus/functions/mbfuncother.c.obj
 .bss.eQueuedEvent
                0x200005fa        0x1 CMakeFiles/at32f403a_freemodbus_slave_master.dir/modbus_port/portevent.c.obj
 .bss.xEventInQueue
                0x200005fb        0x1 CMakeFiles/at32f403a_freemodbus_slave_master.dir/modbus_port/portevent.c.obj
 .bss.__lock___malloc_recursive_mutex
                0x200005fc        0x1 c:/users/altium/appdata/local/at32-tools/gcc-arm-none-eabi/v10.3/bin/../lib/gcc/arm-none-eabi/10.3.1/../../../../arm-none-eabi/lib/thumb/v7e-m+fp/hard\libg_nano.a(lib_a-lock.o)
                0x200005fc                __lock___malloc_recursive_mutex
 .bss.__lock___sfp_recursive_mutex
                0x200005fd        0x1 c:/users/altium/appdata/local/at32-tools/gcc-arm-none-eabi/v10.3/bin/../lib/gcc/arm-none-eabi/10.3.1/../../../../arm-none-eabi/lib/thumb/v7e-m+fp/hard\libg_nano.a(lib_a-lock.o)
                0x200005fd                __lock___sfp_recursive_mutex
 .bss.__lock___sinit_recursive_mutex
                0x200005fe        0x1 c:/users/altium/appdata/local/at32-tools/gcc-arm-none-eabi/v10.3/bin/../lib/gcc/arm-none-eabi/10.3.1/../../../../arm-none-eabi/lib/thumb/v7e-m+fp/hard\libg_nano.a(lib_a-lock.o)
                0x200005fe                __lock___sinit_recursive_mutex
 *fill*         0x200005ff        0x1 
 .bss.__malloc_free_list
                0x20000600        0x4 c:/users/altium/appdata/local/at32-tools/gcc-arm-none-eabi/v10.3/bin/../lib/gcc/arm-none-eabi/10.3.1/../../../../arm-none-eabi/lib/thumb/v7e-m+fp/hard\libg_nano.a(lib_a-nano-mallocr.o)
                0x20000600                __malloc_free_list
 .bss.__malloc_sbrk_start
                0x20000604        0x4 c:/users/altium/appdata/local/at32-tools/gcc-arm-none-eabi/v10.3/bin/../lib/gcc/arm-none-eabi/10.3.1/../../../../arm-none-eabi/lib/thumb/v7e-m+fp/hard\libg_nano.a(lib_a-nano-mallocr.o)
                0x20000604                __malloc_sbrk_start
 .bss.errno     0x20000608        0x4 c:/users/altium/appdata/local/at32-tools/gcc-arm-none-eabi/v10.3/bin/../lib/gcc/arm-none-eabi/10.3.1/../../../../arm-none-eabi/lib/thumb/v7e-m+fp/hard\libg_nano.a(lib_a-reent.o)
                0x20000608                errno
 *(COMMON)
                0x2000060c                . = ALIGN (0x4)
                0x2000060c                _ebss = .
                0x2000060c                __bss_end__ = _ebss

._user_heap_stack
                0x2000060c      0x604
                0x20000610                . = ALIGN (0x8)
 *fill*         0x2000060c        0x4 
                [!provide]                PROVIDE (end = .)
                0x20000610                PROVIDE (_end = .)
                0x20000810                . = (. + _Min_Heap_Size)
 *fill*         0x20000610      0x200 
                0x20000c10                . = (. + _Min_Stack_Size)
 *fill*         0x20000810      0x400 
                0x20000c10                . = ALIGN (0x8)

/DISCARD/
 libc.a(*)
 libm.a(*)
 libgcc.a(*)

.ARM.attributes
                0x00000000       0x30
 *(.ARM.attributes)
 .ARM.attributes
                0x00000000       0x1e c:/users/altium/appdata/local/at32-tools/gcc-arm-none-eabi/v10.3/bin/../lib/gcc/arm-none-eabi/10.3.1/thumb/v7e-m+fp/hard/crti.o
 .ARM.attributes
                0x0000001e       0x34 c:/users/altium/appdata/local/at32-tools/gcc-arm-none-eabi/v10.3/bin/../lib/gcc/arm-none-eabi/10.3.1/thumb/v7e-m+fp/hard/crtbegin.o
 .ARM.attributes
                0x00000052       0x34 c:/users/altium/appdata/local/at32-tools/gcc-arm-none-eabi/v10.3/bin/../lib/gcc/arm-none-eabi/10.3.1/../../../../arm-none-eabi/lib/thumb/v7e-m+fp/hard\libc_nano.a(lib_a-impure.o)
 .ARM.attributes
                0x00000086       0x34 c:/users/altium/appdata/local/at32-tools/gcc-arm-none-eabi/v10.3/bin/../lib/gcc/arm-none-eabi/10.3.1/../../../../arm-none-eabi/lib/thumb/v7e-m+fp/hard\libc_nano.a(lib_a-init.o)
 .ARM.attributes
                0x000000ba       0x34 c:/users/altium/appdata/local/at32-tools/gcc-arm-none-eabi/v10.3/bin/../lib/gcc/arm-none-eabi/10.3.1/../../../../arm-none-eabi/lib/thumb/v7e-m+fp/hard\libc_nano.a(lib_a-memset.o)
 .ARM.attributes
                0x000000ee       0x34 cmake/at32_workbench/CMakeFiles/AT32_Drivers.dir/__/__/libraries/cmsis/cm4/device_support/system_at32f403a_407.c.obj
 .ARM.attributes
                0x00000122       0x34 cmake/at32_workbench/CMakeFiles/AT32_Drivers.dir/__/__/libraries/drivers/src/at32f403a_407_crm.c.obj
 .ARM.attributes
                0x00000156       0x34 cmake/at32_workbench/CMakeFiles/AT32_Drivers.dir/__/__/libraries/drivers/src/at32f403a_407_tmr.c.obj
 .ARM.attributes
                0x0000018a       0x34 cmake/at32_workbench/CMakeFiles/AT32_Drivers.dir/__/__/libraries/drivers/src/at32f403a_407_gpio.c.obj
 .ARM.attributes
                0x000001be       0x34 cmake/at32_workbench/CMakeFiles/AT32_Drivers.dir/__/__/libraries/drivers/src/at32f403a_407_usart.c.obj
 .ARM.attributes